Component: ARM Compiler 5.06 update 7 (build 960) Tool: armlink [4d3601]

==============================================================================

Section Cross References

    startup_stm32f103xb.o(STACK) refers (Special) to heapauxi.o(.text) for __use_two_region_memory
    startup_stm32f103xb.o(HEAP) refers (Special) to heapauxi.o(.text) for __use_two_region_memory
    startup_stm32f103xb.o(RESET) refers (Special) to heapauxi.o(.text) for __use_two_region_memory
    startup_stm32f103xb.o(RESET) refers to startup_stm32f103xb.o(STACK) for __initial_sp
    startup_stm32f103xb.o(RESET) refers to startup_stm32f103xb.o(.text) for Reset_Handler
    startup_stm32f103xb.o(RESET) refers to stm32f1xx_it.o(i.NMI_Handler) for NMI_Handler
    startup_stm32f103xb.o(RESET) refers to stm32f1xx_it.o(i.HardFault_Handler) for HardFault_Handler
    startup_stm32f103xb.o(RESET) refers to stm32f1xx_it.o(i.MemManage_Handler) for MemManage_Handler
    startup_stm32f103xb.o(RESET) refers to stm32f1xx_it.o(i.BusFault_Handler) for BusFault_Handler
    startup_stm32f103xb.o(RESET) refers to stm32f1xx_it.o(i.UsageFault_Handler) for UsageFault_Handler
    startup_stm32f103xb.o(RESET) refers to stm32f1xx_it.o(i.SVC_Handler) for SVC_Handler
    startup_stm32f103xb.o(RESET) refers to stm32f1xx_it.o(i.DebugMon_Handler) for DebugMon_Handler
    startup_stm32f103xb.o(RESET) refers to stm32f1xx_it.o(i.PendSV_Handler) for PendSV_Handler
    startup_stm32f103xb.o(RESET) refers to stm32f1xx_it.o(i.SysTick_Handler) for SysTick_Handler
    startup_stm32f103xb.o(.text) refers (Special) to heapauxi.o(.text) for __use_two_region_memory
    startup_stm32f103xb.o(.text) refers to system_stm32f1xx.o(i.SystemInit) for SystemInit
    startup_stm32f103xb.o(.text) refers to __main.o(!!!main) for __main
    startup_stm32f103xb.o(.text) refers to startup_stm32f103xb.o(HEAP) for Heap_Mem
    startup_stm32f103xb.o(.text) refers to startup_stm32f103xb.o(STACK) for Stack_Mem
    main.o(i.MX_GPIO_Init_) refers to stm32f1xx_hal_gpio.o(i.HAL_GPIO_WritePin) for HAL_GPIO_WritePin
    main.o(i.MX_GPIO_Init_) refers to stm32f1xx_hal_gpio.o(i.HAL_GPIO_Init) for HAL_GPIO_Init
    main.o(i.SystemClock_Config) refers to rt_memclr_w.o(.text) for __aeabi_memclr4
    main.o(i.SystemClock_Config) refers to stm32f1xx_hal_rcc.o(i.HAL_RCC_OscConfig) for HAL_RCC_OscConfig
    main.o(i.SystemClock_Config) refers to stm32f1xx_hal_rcc.o(i.HAL_RCC_ClockConfig) for HAL_RCC_ClockConfig
    main.o(i.main) refers to stm32f1xx_hal.o(i.HAL_Init) for HAL_Init
    main.o(i.main) refers to main.o(i.MX_GPIO_Init_) for MX_GPIO_Init_
    main.o(i.main) refers to main.o(i.SystemClock_Config) for SystemClock_Config
    main.o(i.main) refers to gpio.o(i.MX_GPIO_Init) for MX_GPIO_Init
    main.o(i.main) refers to oled.o(i.OLED_Init) for OLED_Init
    main.o(i.main) refers to u8g2_d_setup.o(i.u8g2_Setup_ssd1306_i2c_128x64_noname_f) for u8g2_Setup_ssd1306_i2c_128x64_noname_f
    main.o(i.main) refers to u8x8_display.o(i.u8x8_InitDisplay) for u8x8_InitDisplay
    main.o(i.main) refers to u8x8_display.o(i.u8x8_SetPowerSave) for u8x8_SetPowerSave
    main.o(i.main) refers to u8g2_buffer.o(i.u8g2_ClearBuffer) for u8g2_ClearBuffer
    main.o(i.main) refers to stm32f1xx_hal.o(i.HAL_Delay) for HAL_Delay
    main.o(i.main) refers to main.o(i.testDrawProcess) for testDrawProcess
    main.o(i.main) refers to main.o(i.u8g2_gpio_and_delay_stm32) for u8g2_gpio_and_delay_stm32
    main.o(i.main) refers to u8x8_byte.o(i.u8x8_byte_sw_i2c) for u8x8_byte_sw_i2c
    main.o(i.main) refers to u8g2_setup.o(.constdata) for u8g2_cb_r0
    main.o(i.testDrawMulti) refers to u8g2_buffer.o(i.u8g2_ClearBuffer) for u8g2_ClearBuffer
    main.o(i.testDrawMulti) refers to u8g2_hvline.o(i.u8g2_DrawPixel) for u8g2_DrawPixel
    main.o(i.testDrawMulti) refers to u8g2_buffer.o(i.u8g2_SendBuffer) for u8g2_SendBuffer
    main.o(i.testDrawMulti) refers to u8g2_box.o(i.u8g2_DrawBox) for u8g2_DrawBox
    main.o(i.testDrawMulti) refers to u8g2_box.o(i.u8g2_DrawFrame) for u8g2_DrawFrame
    main.o(i.testDrawMulti) refers to u8g2_box.o(i.u8g2_DrawRBox) for u8g2_DrawRBox
    main.o(i.testDrawMulti) refers to u8g2_box.o(i.u8g2_DrawRFrame) for u8g2_DrawRFrame
    main.o(i.testDrawMulti) refers to u8g2_circle.o(i.u8g2_DrawDisc) for u8g2_DrawDisc
    main.o(i.testDrawMulti) refers to u8g2_circle.o(i.u8g2_DrawCircle) for u8g2_DrawCircle
    main.o(i.testDrawMulti) refers to u8g2_circle.o(i.u8g2_DrawFilledEllipse) for u8g2_DrawFilledEllipse
    main.o(i.testDrawMulti) refers to u8g2_circle.o(i.u8g2_DrawEllipse) for u8g2_DrawEllipse
    main.o(i.testDrawProcess) refers to _printf_percent.o(.ARM.Collect$$_printf_percent$$00000000) for _printf_percent
    main.o(i.testDrawProcess) refers to _printf_d.o(.ARM.Collect$$_printf_percent$$00000009) for _printf_d
    main.o(i.testDrawProcess) refers to _printf_dec.o(.text) for _printf_int_dec
    main.o(i.testDrawProcess) refers to u8g2_buffer.o(i.u8g2_ClearBuffer) for u8g2_ClearBuffer
[...]
    dc.s                                     0x00000000   Number         0  dc.o ABSOLUTE
    oled\OLED.c                              0x00000000   Number         0  oled.o ABSOLUTE
    oled\\OLED.c                             0x00000000   Number         0  oled.o ABSOLUTE
    startup_stm32f103xb.s                    0x00000000   Number         0  startup_stm32f103xb.o ABSOLUTE
    u8g2\mui.c                               0x00000000   Number         0  mui.o ABSOLUTE
    u8g2\mui_u8g2.c                          0x00000000   Number         0  mui_u8g2.o ABSOLUTE
    u8g2\u8g2_arc.c                          0x00000000   Number         0  u8g2_arc.o ABSOLUTE
    u8g2\u8g2_bitmap.c                       0x00000000   Number         0  u8g2_bitmap.o ABSOLUTE
    u8g2\u8g2_box.c                          0x00000000   Number         0  u8g2_box.o ABSOLUTE
    u8g2\u8g2_buffer.c                       0x00000000   Number         0  u8g2_buffer.o ABSOLUTE
    u8g2\u8g2_button.c                       0x00000000   Number         0  u8g2_button.o ABSOLUTE
    u8g2\u8g2_circle.c                       0x00000000   Number         0  u8g2_circle.o ABSOLUTE
    u8g2\u8g2_cleardisplay.c                 0x00000000   Number         0  u8g2_cleardisplay.o ABSOLUTE
    u8g2\u8g2_d_memory.c                     0x00000000   Number         0  u8g2_d_memory.o ABSOLUTE
    u8g2\u8g2_d_setup.c                      0x00000000   Number         0  u8g2_d_setup.o ABSOLUTE
    u8g2\u8g2_font.c                         0x00000000   Number         0  u8g2_font.o ABSOLUTE
    u8g2\u8g2_fonts.c                        0x00000000   Number         0  u8g2_fonts.o ABSOLUTE
    u8g2\u8g2_hvline.c                       0x00000000   Number         0  u8g2_hvline.o ABSOLUTE
    u8g2\u8g2_input_value.c                  0x00000000   Number         0  u8g2_input_value.o ABSOLUTE
    u8g2\u8g2_intersection.c                 0x00000000   Number         0  u8g2_intersection.o ABSOLUTE
    u8g2\u8g2_kerning.c                      0x00000000   Number         0  u8g2_kerning.o ABSOLUTE
    u8g2\u8g2_line.c                         0x00000000   Number         0  u8g2_line.o ABSOLUTE
    u8g2\u8g2_ll_hvline.c                    0x00000000   Number         0  u8g2_ll_hvline.o ABSOLUTE
    u8g2\u8g2_message.c                      0x00000000   Number         0  u8g2_message.o ABSOLUTE
    u8g2\u8g2_polygon.c                      0x00000000   Number         0  u8g2_polygon.o ABSOLUTE
    u8g2\u8g2_selection_list.c               0x00000000   Number         0  u8g2_selection_list.o ABSOLUTE
    u8g2\u8g2_setup.c                        0x00000000   Number         0  u8g2_setup.o ABSOLUTE
    u8g2\u8log.c                             0x00000000   Number         0  u8log.o ABSOLUTE
    u8g2\u8log_u8g2.c                        0x00000000   Number         0  u8log_u8g2.o ABSOLUTE
    u8g2\u8log_u8x8.c                        0x00000000   Number         0  u8log_u8x8.o ABSOLUTE
    u8g2\u8x8_8x8.c                          0x00000000   Number         0  u8x8_8x8.o ABSOLUTE
    u8g2\u8x8_byte.c                         0x00000000   Number         0  u8x8_byte.o ABSOLUTE
    u8g2\u8x8_cad.c                          0x00000000   Number         0  u8x8_cad.o ABSOLUTE
    u8g2\u8x8_capture.c                      0x00000000   Number         0  u8x8_capture.o ABSOLUTE
    u8g2\u8x8_d_ssd1306_128x64_noname.c      0x00000000   Number         0  u8x8_d_ssd1306_128x64_noname.o ABSOLUTE
    u8g2\u8x8_debounce.c                     0x00000000   Number         0  u8x8_debounce.o ABSOLUTE
    u8g2\u8x8_display.c                      0x00000000   Number         0  u8x8_display.o ABSOLUTE
    u8g2\u8x8_fonts.c                        0x00000000   Number         0  u8x8_fonts.o ABSOLUTE
    u8g2\u8x8_gpio.c                         0x00000000   Number         0  u8x8_gpio.o ABSOLUTE
    u8g2\u8x8_input_value.c                  0x00000000   Number         0  u8x8_input_value.o ABSOLUTE
    u8g2\u8x8_message.c                      0x00000000   Number         0  u8x8_message.o ABSOLUTE
    u8g2\u8x8_selection_list.c               0x00000000   Number         0  u8x8_selection_list.o ABSOLUTE
    u8g2\u8x8_setup.c                        0x00000000   Number         0  u8x8_setup.o ABSOLUTE
    u8g2\u8x8_string.c                       0x00000000   Number         0  u8x8_string.o ABSOLUTE
    u8g2\u8x8_u16toa.c                       0x00000000   Number         0  u8x8_u16toa.o ABSOLUTE
    u8g2\u8x8_u8toa.c                        0x00000000   Number         0  u8x8_u8toa.o ABSOLUTE
    RESET                                    0x08000000   Section      236  startup_stm32f103xb.o(RESET)
    !!!main                                  0x080000ec   Section        8  __main.o(!!!main)
    !!!scatter                               0x080000f4   Section       52  __scatter.o(!!!scatter)
    !!handler_copy                           0x08000128   Section       26  __scatter_copy.o(!!handler_copy)
    !!handler_zi                             0x08000144   Section       28  __scatter_zi.o(!!handler_zi)
    .ARM.Collect$$_printf_percent$$00000000  0x08000160   Section        0  _printf_percent.o(.ARM.Collect$$_printf_percent$$00000000)
    .ARM.Collect$$_printf_percent$$00000009  0x08000160   Section        6  _printf_d.o(.ARM.Collect$$_printf_percent$$00000009)
    .ARM.Collect$$_printf_percent$$00000017  0x08000166   Section        4  _printf_percent_end.o(.ARM.Collect$$_printf_percent$$00000017)
    .ARM.Collect$$libinit$$00000000          0x0800016a   Section        2  libinit.o(.ARM.Collect$$libinit$$00000000)
    .ARM.Collect$$libinit$$00000002          0x0800016c   Section        0  libinit2.o(.ARM.Collect$$libinit$$00000002)
    .ARM.Collect$$libinit$$00000004          0x0800016c   Section        0  libinit2.o(.ARM.Collect$$libinit$$00000004)
    .ARM.Collect$$libinit$$0000000A          0x0800016c   Section        0  libinit2.o(.ARM.Collect$$libinit$$0000000A)
    .ARM.Collect$$libinit$$0000000C          0x0800016c   Section        0  libinit2.o(.ARM.Collect$$libinit$$0000000C)
    .ARM.Collect$$libinit$$0000000E          0x0800016c   Section        0  libinit2.o(.ARM.Collect$$libinit$$0000000E)
    .ARM.Collect$$libinit$$00000011          0x0800016c   Section        0  libinit2.o(.ARM.Collect$$libinit$$00000011)
    .ARM.Collect$$libinit$$00000013          0x0800016c   Section        0  libinit2.o(.ARM.Collect$$libinit$$00000013)
    .ARM.Collect$$libinit$$00000015          0x0800016c   Section        0  libinit2.o(.ARM.Collect$$libinit$$00000015)
    .ARM.Collect$$libinit$$00000017          0x0800016c   Section        0  libinit2.o(.ARM.Collect$$libinit$$00000017)
    .ARM.Collect$$libinit$$00000019          0x0800016c   Section        0  libinit2.o(.ARM.Collect$$libinit$$00000019)
    .ARM.Collect$$libinit$$0000001B          0x0800016c   Section        0  libinit2.o(.ARM.Collect$$libinit$$0000001B)
    .ARM.Collect$$libinit$$0000001D          0x0800016c   Section        0  libinit2.o(.ARM.Collect$$libinit$$0000001D)
    .ARM.Collect$$libinit$$0000001F          0x0800016c   Section        0  libinit2.o(.ARM.Collect$$libinit$$0000001F)
    .ARM.Collect$$libinit$$00000021          0x0800016c   Section        0  libinit2.o(.ARM.Collect$$libinit$$00000021)
    .ARM.Collect$$libinit$$00000023          0x0800016c   Section        0  libinit2.o(.ARM.Collect$$libinit$$00000023)
    .ARM.Collect$$libinit$$00000025          0x0800016c   Section        0  libinit2.o(.ARM.Collect$$libinit$$00000025)
    .ARM.Collect$$libinit$$0000002C          0x0800016c   Section        0  libinit2.o(.ARM.Collect$$libinit$$0000002C)
    .ARM.Collect$$libinit$$0000002E          0x0800016c   Section        0  libinit2.o(.ARM.Collect$$libinit$$0000002E)
    .ARM.Collect$$libinit$$00000030          0x0800016c   Section        0  libinit2.o(.ARM.Collect$$libinit$$00000030)
    .ARM.Collect$$libinit$$00000032          0x0800016c   Section        0  libinit2.o(.ARM.Collect$$libinit$$00000032)
    .ARM.Collect$$libinit$$00000033          0x0800016c   Section        2  libinit2.o(.ARM.Collect$$libinit$$00000033)
    .ARM.Collect$$libshutdown$$00000000      0x0800016e   Section        2  libshutdown.o(.ARM.Collect$$libshutdown$$00000000)
    .ARM.Collect$$libshutdown$$00000002      0x08000170   Section        0  libshutdown2.o(.ARM.Collect$$libshutdown$$00000002)
    .ARM.Collect$$libshutdown$$00000004      0x08000170   Section        0  libshutdown2.o(.ARM.Collect$$libshutdown$$00000004)
    .ARM.Collect$$libshutdown$$00000006      0x08000170   Section        0  libshutdown2.o(.ARM.Collect$$libshutdown$$00000006)
    .ARM.Collect$$libshutdown$$00000009      0x08000170   Section        0  libshutdown2.o(.ARM.Collect$$libshutdown$$00000009)
    .ARM.Collect$$libshutdown$$0000000C      0x08000170   Section        0  libshutdown2.o(.ARM.Collect$$libshutdown$$0000000C)
    .ARM.Collect$$libshutdown$$0000000E      0x08000170   Section        0  libshutdown2.o(.ARM.Collect$$libshutdown$$0000000E)
    .ARM.Collect$$libshutdown$$00000011      0x08000170   Section        0  libshutdown2.o(.ARM.Collect$$libshutdown$$00000011)
    .ARM.Collect$$libshutdown$$00000012      0x08000170   Section        2  libshutdown2.o(.ARM.Collect$$libshutdown$$00000012)
    .ARM.Collect$$rtentry$$00000000          0x08000172   Section        0  __rtentry.o(.ARM.Collect$$rtentry$$00000000)
    .ARM.Collect$$rtentry$$00000002          0x08000172   Section        0  __rtentry2.o(.ARM.Collect$$rtentry$$00000002)
    .ARM.Collect$$rtentry$$00000004          0x08000172   Section        6  __rtentry4.o(.ARM.Collect$$rtentry$$00000004)
    .ARM.Collect$$rtentry$$00000009          0x08000178   Section        0  __rtentry2.o(.ARM.Collect$$rtentry$$00000009)
    .ARM.Collect$$rtentry$$0000000A          0x08000178   Section        4  __rtentry2.o(.ARM.Collect$$rtentry$$0000000A)
    .ARM.Collect$$rtentry$$0000000C          0x0800017c   Section        0  __rtentry2.o(.ARM.Collect$$rtentry$$0000000C)
    .ARM.Collect$$rtentry$$0000000D          0x0800017c   Section        8  __rtentry2.o(.ARM.Collect$$rtentry$$0000000D)
    .ARM.Collect$$rtexit$$00000000           0x08000184   Section        2  rtexit.o(.ARM.Collect$$rtexit$$00000000)
    .ARM.Collect$$rtexit$$00000002           0x08000186   Section        0  rtexit2.o(.ARM.Collect$$rtexit$$00000002)
    .ARM.Collect$$rtexit$$00000003           0x08000186   Section        4  rtexit2.o(.ARM.Collect$$rtexit$$00000003)
    .ARM.Collect$$rtexit$$00000004           0x0800018a   Section        6  rtexit2.o(.ARM.Collect$$rtexit$$00000004)
    .text                                    0x08000190   Section       64  startup_stm32f103xb.o(.text)
    .text                                    0x080001d0   Section        0  noretval__2sprintf.o(.text)
    .text                                    0x080001f8   Section        0  __printf.o(.text)
    .text                                    0x08000260   Section        0  _printf_dec.o(.text)
    .text                                    0x080002d8   Section       68  rt_memclr.o(.text)
    .text                                    0x0800031c   Section       78  rt_memclr_w.o(.text)
    .text                                    0x0800036a   Section        0  heapauxi.o(.text)
    .text                                    0x08000370   Section        0  _printf_intcommon.o(.text)
    .text                                    0x08000424   Section        0  _printf_char_common.o(.text)
    _printf_input_char                       0x08000425   Thumb Code    10  _printf_char_common.o(.text)
    .text                                    0x08000454   Section        0  _sputc.o(.text)
    .text                                    0x0800045e   Section       74  sys_stackheap_outer.o(.text)
    .text                                    0x080004a8   Section        0  exit.o(.text)
    .text                                    0x080004bc   Section        8  libspace.o(.text)
    .text                                    0x080004c4   Section        0  sys_exit.o(.text)
    .text                                    0x080004d0   Section        2  use_no_semi.o(.text)
    .text                                    0x080004d2   Section        0  indicate_semi.o(.text)
    i.BusFault_Handler                       0x080004d2   Section        0  stm32f1xx_it.o(i.BusFault_Handler)
    i.DebugMon_Handler                       0x080004d4   Section        0  stm32f1xx_it.o(i.DebugMon_Handler)
    i.HAL_Delay                              0x080004d8   Section        0  stm32f1xx_hal.o(i.HAL_Delay)
    i.HAL_GPIO_Init                          0x080004fc   Section        0  stm32f1xx_hal_gpio.o(i.HAL_GPIO_Init)
    i.HAL_GPIO_WritePin                      0x080006dc   Section        0  stm32f1xx_hal_gpio.o(i.HAL_GPIO_WritePin)
    i.HAL_GetTick                            0x080006e8   Section        0  stm32f1xx_hal.o(i.HAL_GetTick)
    i.HAL_IncTick                            0x080006f4   Section        0  stm32f1xx_hal.o(i.HAL_IncTick)
    i.HAL_Init                               0x08000704   Section        0  stm32f1xx_hal.o(i.HAL_Init)
    i.HAL_InitTick                           0x08000728   Section        0  stm32f1xx_hal.o(i.HAL_InitTick)
    i.HAL_MspInit                            0x08000768   Section        0  stm32f1xx_hal_msp.o(i.HAL_MspInit)
    i.HAL_NVIC_SetPriority                   0x080007a4   Section        0  stm32f1xx_hal_cortex.o(i.HAL_NVIC_SetPriority)
    i.HAL_NVIC_SetPriorityGrouping           0x080007e4   Section        0  stm32f1xx_hal_cortex.o(i.HAL_NVIC_SetPriorityGrouping)
    i.HAL_RCC_ClockConfig                    0x08000808   Section        0  stm32f1xx_hal_rcc.o(i.HAL_RCC_ClockConfig)
    i.HAL_RCC_GetSysClockFreq                0x08000934   Section        0  stm32f1xx_hal_rcc.o(i.HAL_RCC_GetSysClockFreq)
    i.HAL_RCC_OscConfig                      0x08000980   Section        0  stm32f1xx_hal_rcc.o(i.HAL_RCC_OscConfig)
    i.HAL_SYSTICK_Config                     0x08000ca0   Section        0  stm32f1xx_hal_cortex.o(i.HAL_SYSTICK_Config)
    i.HardFault_Handler                      0x08000cc8   Section        0  stm32f1xx_it.o(i.HardFault_Handler)
    i.MX_GPIO_Init                           0x08000ccc   Section        0  gpio.o(i.MX_GPIO_Init)
    i.MX_GPIO_Init_                          0x08000d08   Section        0  main.o(i.MX_GPIO_Init_)
    i.MemManage_Handler                      0x08000d78   Section        0  stm32f1xx_it.o(i.MemManage_Handler)
    i.NMI_Handler                            0x08000d7a   Section        0  stm32f1xx_it.o(i.NMI_Handler)
    i.OLED_Clear                             0x08000d7c   Section        0  oled.o(i.OLED_Clear)
    i.OLED_I2C_Init                          0x08000da4   Section        0  oled.o(i.OLED_I2C_Init)
    i.OLED_I2C_SendByte                      0x08000dc4   Section        0  oled.o(i.OLED_I2C_SendByte)
    i.OLED_I2C_Start                         0x08000e18   Section        0  oled.o(i.OLED_I2C_Start)
    i.OLED_I2C_Stop                          0x08000e4c   Section        0  oled.o(i.OLED_I2C_Stop)
    i.OLED_Init                              0x08000e78   Section        0  oled.o(i.OLED_Init)
    i.OLED_SetCursor                         0x08000f24   Section        0  oled.o(i.OLED_SetCursor)
    i.OLED_WriteCommand                      0x08000f46   Section        0  oled.o(i.OLED_WriteCommand)
    i.OLED_WriteData                         0x08000f68   Section        0  oled.o(i.OLED_WriteData)
    i.PendSV_Handler                         0x08000f8a   Section        0  stm32f1xx_it.o(i.PendSV_Handler)
    i.SVC_Handler                            0x08000f8c   Section        0  stm32f1xx_it.o(i.SVC_Handler)
    i.SysTick_Handler                        0x08000f8e   Section        0  stm32f1xx_it.o(i.SysTick_Handler)
    i.SystemClock_Config                     0x08000f92   Section        0  main.o(i.SystemClock_Config)
    i.SystemInit                             0x08000ff0   Section        0  system_stm32f1xx.o(i.SystemInit)
    i.UsageFault_Handler                     0x08000ff2   Section        0  stm32f1xx_it.o(i.UsageFault_Handler)
    i.__NVIC_SetPriority                     0x08000ff4   Section        0  stm32f1xx_hal_cortex.o(i.__NVIC_SetPriority)
    __NVIC_SetPriority                       0x08000ff5   Thumb Code    32  stm32f1xx_hal_cortex.o(i.__NVIC_SetPriority)
    i.i2c_clear_scl                          0x08001014   Section        0  u8x8_byte.o(i.i2c_clear_scl)
    i2c_clear_scl                            0x08001015   Thumb Code     8  u8x8_byte.o(i.i2c_clear_scl)
    i.i2c_clear_sda                          0x0800101c   Section        0  u8x8_byte.o(i.i2c_clear_sda)
    i2c_clear_sda                            0x0800101d   Thumb Code     8  u8x8_byte.o(i.i2c_clear_sda)
    i.i2c_delay                              0x08001024   Section        0  u8x8_byte.o(i.i2c_delay)
    i2c_delay                                0x08001025   Thumb Code    10  u8x8_byte.o(i.i2c_delay)
    i.i2c_read_scl_and_delay                 0x0800102e   Section        0  u8x8_byte.o(i.i2c_read_scl_and_delay)
    i2c_read_scl_and_delay                   0x0800102f   Thumb Code    22  u8x8_byte.o(i.i2c_read_scl_and_delay)
    i.i2c_read_sda                           0x08001044   Section        0  u8x8_byte.o(i.i2c_read_sda)
    i2c_read_sda                             0x08001045   Thumb Code     8  u8x8_byte.o(i.i2c_read_sda)
    i.i2c_write_bit                          0x0800104c   Section        0  u8x8_byte.o(i.i2c_write_bit)
    i2c_write_bit                            0x0800104d   Thumb Code    38  u8x8_byte.o(i.i2c_write_bit)
    i.i2c_write_byte                         0x08001072   Section        0  u8x8_byte.o(i.i2c_write_byte)
    i2c_write_byte                           0x08001073   Thumb Code   124  u8x8_byte.o(i.i2c_write_byte)
    i.main                                   0x080010f0   Section        0  main.o(i.main)
    i.testDrawProcess                        0x08001144   Section        0  main.o(i.testDrawProcess)
    i.u8g2_ClearBuffer                       0x08001208   Section        0  u8g2_buffer.o(i.u8g2_ClearBuffer)
    i.u8g2_DrawBox                           0x0800121a   Section        0  u8g2_box.o(i.u8g2_DrawBox)
    i.u8g2_DrawCircle                        0x0800125e   Section        0  u8g2_circle.o(i.u8g2_DrawCircle)
    i.u8g2_DrawDisc                          0x0800129e   Section        0  u8g2_circle.o(i.u8g2_DrawDisc)
    i.u8g2_DrawGlyph                         0x080012de   Section        0  u8g2_font.o(i.u8g2_DrawGlyph)
    i.u8g2_DrawHLine                         0x0800134e   Section        0  u8g2_hvline.o(i.u8g2_DrawHLine)
    i.u8g2_DrawHVLine                        0x0800135c   Section        0  u8g2_hvline.o(i.u8g2_DrawHVLine)
    i.u8g2_DrawPixel                         0x08001408   Section        0  u8g2_hvline.o(i.u8g2_DrawPixel)
    i.u8g2_DrawRBox                          0x08001436   Section        0  u8g2_box.o(i.u8g2_DrawRBox)
    i.u8g2_DrawRFrame                        0x0800151c   Section        0  u8g2_box.o(i.u8g2_DrawRFrame)
    i.u8g2_DrawStr                           0x08001620   Section        0  u8g2_font.o(i.u8g2_DrawStr)
    i.u8g2_DrawVLine                         0x08001630   Section        0  u8g2_hvline.o(i.u8g2_DrawVLine)
    i.u8g2_IsIntersection                    0x0800163c   Section        0  u8g2_intersection.o(i.u8g2_IsIntersection)
    i.u8g2_SendBuffer                        0x0800166c   Section        0  u8g2_buffer.o(i.u8g2_SendBuffer)
    i.u8g2_SetFont                           0x0800167e   Section        0  u8g2_font.o(i.u8g2_SetFont)
    i.u8g2_SetFontPosBaseline                0x080016a0   Section        0  u8g2_font.o(i.u8g2_SetFontPosBaseline)
    i.u8g2_SetMaxClipWindow                  0x080016ac   Section        0  u8g2_setup.o(i.u8g2_SetMaxClipWindow)
    i.u8g2_SetupBuffer                       0x080016c8   Section        0  u8g2_setup.o(i.u8g2_SetupBuffer)
    i.u8g2_Setup_ssd1306_i2c_128x64_noname_f 0x08001710   Section        0  u8g2_d_setup.o(i.u8g2_Setup_ssd1306_i2c_128x64_noname_f)
    i.u8g2_UpdateRefHeight                   0x08001748   Section        0  u8g2_font.o(i.u8g2_UpdateRefHeight)
    i.u8g2_add_vector_x                      0x0800179a   Section        0  u8g2_font.o(i.u8g2_add_vector_x)
    i.u8g2_add_vector_y                      0x080017b6   Section        0  u8g2_font.o(i.u8g2_add_vector_y)
    i.u8g2_apply_clip_window                 0x080017d2   Section        0  u8g2_setup.o(i.u8g2_apply_clip_window)
    u8g2_apply_clip_window                   0x080017d3   Thumb Code   110  u8g2_setup.o(i.u8g2_apply_clip_window)
    i.u8g2_clip_intersection2                0x08001840   Section        0  u8g2_hvline.o(i.u8g2_clip_intersection2)
    u8g2_clip_intersection2                  0x08001841   Thumb Code    60  u8g2_hvline.o(i.u8g2_clip_intersection2)
    i.u8g2_draw_circle                       0x0800187c   Section        0  u8g2_circle.o(i.u8g2_draw_circle)
    u8g2_draw_circle                         0x0800187d   Thumb Code   106  u8g2_circle.o(i.u8g2_draw_circle)
    i.u8g2_draw_circle_section               0x080018e6   Section        0  u8g2_circle.o(i.u8g2_draw_circle_section)
    u8g2_draw_circle_section                 0x080018e7   Thumb Code   186  u8g2_circle.o(i.u8g2_draw_circle_section)
    i.u8g2_draw_disc                         0x080019a0   Section        0  u8g2_circle.o(i.u8g2_draw_disc)
    u8g2_draw_disc                           0x080019a1   Thumb Code   106  u8g2_circle.o(i.u8g2_draw_disc)
    i.u8g2_draw_disc_section                 0x08001a0a   Section        0  u8g2_circle.o(i.u8g2_draw_disc_section)
    u8g2_draw_disc_section                   0x08001a0b   Thumb Code   204  u8g2_circle.o(i.u8g2_draw_disc_section)
    i.u8g2_draw_hv_line_2dir                 0x08001ad6   Section        0  u8g2_hvline.o(i.u8g2_draw_hv_line_2dir)
    i.u8g2_draw_l90_r0                       0x08001ae8   Section        0  u8g2_setup.o(i.u8g2_draw_l90_r0)
    i.u8g2_draw_string                       0x08001af4   Section        0  u8g2_font.o(i.u8g2_draw_string)
    u8g2_draw_string                         0x08001af5   Thumb Code   118  u8g2_font.o(i.u8g2_draw_string)
    i.u8g2_font_calc_vref_font               0x08001b6a   Section        0  u8g2_font.o(i.u8g2_font_calc_vref_font)
    i.u8g2_font_decode_get_signed_bits       0x08001b6e   Section        0  u8g2_font.o(i.u8g2_font_decode_get_signed_bits)
    i.u8g2_font_decode_get_unsigned_bits     0x08001b82   Section        0  u8g2_font.o(i.u8g2_font_decode_get_unsigned_bits)
    i.u8g2_font_decode_glyph                 0x08001bb8   Section        0  u8g2_font.o(i.u8g2_font_decode_glyph)
    i.u8g2_font_decode_len                   0x08001ccc   Section        0  u8g2_font.o(i.u8g2_font_decode_len)
    i.u8g2_font_get_glyph_data               0x08001d58   Section        0  u8g2_font.o(i.u8g2_font_get_glyph_data)
    i.u8g2_font_get_word                     0x08001dca   Section        0  u8g2_font.o(i.u8g2_font_get_word)
    u8g2_font_get_word                       0x08001dcb   Thumb Code    20  u8g2_font.o(i.u8g2_font_get_word)
    i.u8g2_font_setup_decode                 0x08001dde   Section        0  u8g2_font.o(i.u8g2_font_setup_decode)
    u8g2_font_setup_decode                   0x08001ddf   Thumb Code    52  u8g2_font.o(i.u8g2_font_setup_decode)
    i.u8g2_gpio_and_delay_stm32              0x08001e14   Section        0  main.o(i.u8g2_gpio_and_delay_stm32)
    i.u8g2_is_intersection_decision_tree     0x08001e74   Section        0  u8g2_intersection.o(i.u8g2_is_intersection_decision_tree)
    i.u8g2_ll_hvline_vertical_top_lsb        0x08001e8c   Section        0  u8g2_ll_hvline.o(i.u8g2_ll_hvline_vertical_top_lsb)
    i.u8g2_m_16_8_f                          0x08001f1c   Section        0  u8g2_d_memory.o(i.u8g2_m_16_8_f)
    i.u8g2_read_font_info                    0x08001f28   Section        0  u8g2_font.o(i.u8g2_read_font_info)
    i.u8g2_send_buffer                       0x08001f92   Section        0  u8g2_buffer.o(i.u8g2_send_buffer)
    u8g2_send_buffer                         0x08001f93   Thumb Code    78  u8g2_buffer.o(i.u8g2_send_buffer)
    i.u8g2_update_dimension_common           0x08001fe0   Section        0  u8g2_setup.o(i.u8g2_update_dimension_common)
    u8g2_update_dimension_common             0x08001fe1   Thumb Code    70  u8g2_setup.o(i.u8g2_update_dimension_common)
    i.u8g2_update_dimension_r0               0x08002026   Section        0  u8g2_setup.o(i.u8g2_update_dimension_r0)
    i.u8g2_update_page_win_r0                0x0800202a   Section        0  u8g2_setup.o(i.u8g2_update_page_win_r0)
    i.u8x8_DrawTile                          0x0800204c   Section        0  u8x8_display.o(i.u8x8_DrawTile)
    i.u8x8_InitDisplay                       0x0800206a   Section        0  u8x8_display.o(i.u8x8_InitDisplay)
    i.u8x8_RefreshDisplay                    0x0800207a   Section        0  u8x8_display.o(i.u8x8_RefreshDisplay)
    i.u8x8_SetPowerSave                      0x0800208a   Section        0  u8x8_display.o(i.u8x8_SetPowerSave)
    i.u8x8_Setup                             0x0800209a   Section        0  u8x8_setup.o(i.u8x8_Setup)
    i.u8x8_SetupDefaults                     0x080020bc   Section        0  u8x8_setup.o(i.u8x8_SetupDefaults)
    i.u8x8_SetupMemory                       0x080020e0   Section        0  u8x8_display.o(i.u8x8_SetupMemory)
    i.u8x8_ascii_next                        0x080020f0   Section        0  u8x8_8x8.o(i.u8x8_ascii_next)
    i.u8x8_byte_EndTransfer                  0x080020fe   Section        0  u8x8_byte.o(i.u8x8_byte_EndTransfer)
    i.u8x8_byte_SendByte                     0x0800210e   Section        0  u8x8_byte.o(i.u8x8_byte_SendByte)
    i.u8x8_byte_StartTransfer                0x0800211c   Section        0  u8x8_byte.o(i.u8x8_byte_StartTransfer)
    i.u8x8_byte_sw_i2c                       0x0800212c   Section        0  u8x8_byte.o(i.u8x8_byte_sw_i2c)
    i.u8x8_cad_EndTransfer                   0x080021e8   Section        0  u8x8_cad.o(i.u8x8_cad_EndTransfer)
    i.u8x8_cad_SendArg                       0x080021f8   Section        0  u8x8_cad.o(i.u8x8_cad_SendArg)
    i.u8x8_cad_SendCmd                       0x08002208   Section        0  u8x8_cad.o(i.u8x8_cad_SendCmd)
    i.u8x8_cad_SendData                      0x08002218   Section        0  u8x8_cad.o(i.u8x8_cad_SendData)
    i.u8x8_cad_SendSequence                  0x08002228   Section        0  u8x8_cad.o(i.u8x8_cad_SendSequence)
    i.u8x8_cad_StartTransfer                 0x08002290   Section        0  u8x8_cad.o(i.u8x8_cad_StartTransfer)
    i.u8x8_cad_ssd13xx_fast_i2c              0x080022a0   Section        0  u8x8_cad.o(i.u8x8_cad_ssd13xx_fast_i2c)
    i.u8x8_d_helper_display_init             0x0800235c   Section        0  u8x8_display.o(i.u8x8_d_helper_display_init)
    i.u8x8_d_helper_display_setup_memory     0x080023bc   Section        0  u8x8_display.o(i.u8x8_d_helper_display_setup_memory)
    i.u8x8_d_ssd1306_128x64_noname           0x080023c8   Section        0  u8x8_d_ssd1306_128x64_noname.o(i.u8x8_d_ssd1306_128x64_noname)
    i.u8x8_d_ssd1306_sh1106_generic          0x08002404   Section        0  u8x8_d_ssd1306_128x64_noname.o(i.u8x8_d_ssd1306_sh1106_generic)
    u8x8_d_ssd1306_sh1106_generic            0x08002405   Thumb Code   196  u8x8_d_ssd1306_128x64_noname.o(i.u8x8_d_ssd1306_sh1106_generic)
    i.u8x8_dummy_cb                          0x080024cc   Section        0  u8x8_setup.o(i.u8x8_dummy_cb)
    i.u8x8_gpio_call                         0x080024d0   Section        0  u8x8_gpio.o(i.u8x8_gpio_call)
    i.u8x8_i2c_data_transfer                 0x080024dc   Section        0  u8x8_cad.o(i.u8x8_i2c_data_transfer)
    u8x8_i2c_data_transfer                   0x080024dd   Thumb Code    44  u8x8_cad.o(i.u8x8_i2c_data_transfer)
    i.u8x8_utf8_init                         0x08002508   Section        0  u8x8_8x8.o(i.u8x8_utf8_init)
    x$fpl$ddiv                               0x08002510   Section      688  ddiv.o(x$fpl$ddiv)
    ddiv_entry                               0x08002517   Thumb Code     0  ddiv.o(x$fpl$ddiv)
    x$fpl$dfix                               0x080027c0   Section       94  dfix.o(x$fpl$dfix)
    x$fpl$dflt                               0x0800281e   Section       46  dflt_clz.o(x$fpl$dflt)
    x$fpl$dmul                               0x0800284c   Section      340  dmul.o(x$fpl$dmul)
    x$fpl$dnaninf                            0x080029a0   Section      156  dnaninf.o(x$fpl$dnaninf)
    x$fpl$dretinf                            0x08002a3c   Section       12  dretinf.o(x$fpl$dretinf)
    .constdata                               0x08002a48   Section       18  stm32f1xx_hal_rcc.o(.constdata)
    x$fpl$usenofp                            0x08002a48   Section        0  usenofp.o(x$fpl$usenofp)
    aPredivFactorTable                       0x08002a48   Data           2  stm32f1xx_hal_rcc.o(.constdata)
    aPLLMULFactorTable                       0x08002a4a   Data          16  stm32f1xx_hal_rcc.o(.constdata)
    .constdata                               0x08002a5a   Section       16  system_stm32f1xx.o(.constdata)
    .constdata                               0x08002a6a   Section     2465  u8g2_fonts.o(.constdata)
    .constdata                               0x0800340b   Section     3863  u8g2_fonts.o(.constdata)
    .constdata                               0x08004324   Section       12  u8g2_setup.o(.constdata)
    .constdata                               0x08004330   Section      344  u8x8_d_ssd1306_128x64_noname.o(.constdata)
    u8x8_d_ssd1306_128x64_noname_powersave0_seq 0x08004330   Data           5  u8x8_d_ssd1306_128x64_noname.o(.constdata)
    u8x8_d_ssd1306_128x64_noname_powersave1_seq 0x08004335   Data           5  u8x8_d_ssd1306_128x64_noname.o(.constdata)
    u8x8_d_ssd1306_128x64_noname_flip0_seq   0x0800433a   Data           7  u8x8_d_ssd1306_128x64_noname.o(.constdata)
    u8x8_d_ssd1306_128x64_noname_flip1_seq   0x08004341   Data           7  u8x8_d_ssd1306_128x64_noname.o(.constdata)
    u8x8_d_ssd1312_128x64_noname_flip0_seq   0x08004348   Data           7  u8x8_d_ssd1306_128x64_noname.o(.constdata)
    u8x8_d_ssd1312_128x64_noname_flip1_seq   0x0800434f   Data           7  u8x8_d_ssd1306_128x64_noname.o(.constdata)
    u8x8_d_ssd1306_128x64_noname_init_seq    0x08004356   Data          53  u8x8_d_ssd1306_128x64_noname.o(.constdata)
    u8x8_d_ssd1306_128x64_vcomh0_init_seq    0x0800438b   Data          53  u8x8_d_ssd1306_128x64_noname.o(.constdata)
    u8x8_d_ssd1306_128x64_alt0_init_seq      0x080043c0   Data          53  u8x8_d_ssd1306_128x64_noname.o(.constdata)
    u8x8_d_sh1106_128x64_winstar_init_seq    0x080043f5   Data          45  u8x8_d_ssd1306_128x64_noname.o(.constdata)
    u8x8_d_ssd1312_128x64_noname_init_seq    0x08004422   Data          53  u8x8_d_ssd1306_128x64_noname.o(.constdata)
    u8x8_ssd1306_128x64_noname_display_info  0x08004458   Data          24  u8x8_d_ssd1306_128x64_noname.o(.constdata)
    u8x8_sh1106_128x64_noname_display_info   0x08004470   Data          24  u8x8_d_ssd1306_128x64_noname.o(.constdata)
    .data                                    0x20000000   Section       12  stm32f1xx_hal.o(.data)
    .data                                    0x2000000c   Section        4  system_stm32f1xx.o(.data)
    .data                                    0x20000010   Section        6  u8x8_cad.o(.data)
    in_transfer                              0x20000010   Data           1  u8x8_cad.o(.data)
    in_transfer                              0x20000011   Data           1  u8x8_cad.o(.data)
    in_transfer                              0x20000012   Data           1  u8x8_cad.o(.data)
    is_data                                  0x20000013   Data           1  u8x8_cad.o(.data)
    in_transfer                              0x20000014   Data           1  u8x8_cad.o(.data)
    is_data                                  0x20000015   Data           1  u8x8_cad.o(.data)
    .bss                                     0x20000018   Section     1024  u8g2_d_memory.o(.bss)
    buf                                      0x20000018   Data        1024  u8g2_d_memory.o(.bss)
    .bss                                     0x20000418   Section       96  libspace.o(.bss)
    HEAP                                     0x20000478   Section      512  startup_stm32f103xb.o(HEAP)
    Heap_Mem                                 0x20000478   Data         512  startup_stm32f103xb.o(HEAP)
    STACK                                    0x20000678   Section     1024  startup_stm32f103xb.o(STACK)
    Stack_Mem                                0x20000678   Data        1024  startup_stm32f103xb.o(STACK)
    __initial_sp                             0x20000a78   Data           0  startup_stm32f103xb.o(STACK)

    Global Symbols

    Symbol Name                              Value     Ov Type        Size  Object(Section)

    BuildAttributes$$THM_ISAv4$P$D$K$B$S$PE$A:L22UL41UL21$X:L11$S22US41US21$IEEE1$IW$USESV6$~STKCKD$USESV7$~SHL$OSPACE$ROPI$EBA8$UX$STANDARDLIB$REQ8$PRES8$EABIv2 0x00000000   Number         0  anon$$obj.o ABSOLUTE
    __ARM_use_no_argv                        0x00000000   Number         0  main.o ABSOLUTE
    __ARM_exceptions_init                     - Undefined Weak Reference
    __alloca_initialize                       - Undefined Weak Reference
    __arm_fini_                               - Undefined Weak Reference
    __arm_preinit_                            - Undefined Weak Reference
    __cpp_initialize__aeabi_                  - Undefined Weak Reference
    __cxa_finalize                            - Undefined Weak Reference
    __rt_locale                               - Undefined Weak Reference
    __sigvec_lookup                           - Undefined Weak Reference
    _atexit_init                              - Undefined Weak Reference
    _call_atexit_fns                          - Undefined Weak Reference
    _clock_init                               - Undefined Weak Reference
    _fp_trap_init                             - Undefined Weak Reference
    _fp_trap_shutdown                         - Undefined Weak Reference
    _get_lc_collate                           - Undefined Weak Reference
    _get_lc_ctype                             - Undefined Weak Reference
    _get_lc_monetary                          - Undefined Weak Reference
    _get_lc_numeric                           - Undefined Weak Reference
    _get_lc_time                              - Undefined Weak Reference
    _getenv_init                              - Undefined Weak Reference
    _handle_redirection                       - Undefined Weak Reference
    _init_alloc                               - Undefined Weak Reference
    _init_user_alloc                          - Undefined Weak Reference
    _initio                                   - Undefined Weak Reference
    _printf_post_padding                      - Undefined Weak Reference
    _printf_pre_padding                       - Undefined Weak Reference
    _printf_truncate_signed                   - Undefined Weak Reference
    _printf_truncate_unsigned                 - Undefined Weak Reference
    _rand_init                                - Undefined Weak Reference
    _signal_finish                            - Undefined Weak Reference
    _signal_init                              - Undefined Weak Reference
    _terminate_alloc                          - Undefined Weak Reference
    _terminate_user_alloc                     - Undefined Weak Reference
    _terminateio                              - Undefined Weak Reference
    __Vectors_Size                           0x000000ec   Number         0  startup_stm32f103xb.o ABSOLUTE
    __Vectors                                0x08000000   Data           4  startup_stm32f103xb.o(RESET)
    __Vectors_End                            0x080000ec   Data           0  startup_stm32f103xb.o(RESET)
    __main                                   0x080000ed   Thumb Code     8  __main.o(!!!main)
    __scatterload                            0x080000f5   Thumb Code     0  __scatter.o(!!!scatter)
    __scatterload_rt2                        0x080000f5   Thumb Code    44  __scatter.o(!!!scatter)
    __scatterload_rt2_thumb_only             0x080000f5   Thumb Code     0  __scatter.o(!!!scatter)
    __scatterload_null                       0x08000103   Thumb Code     0  __scatter.o(!!!scatter)
    __scatterload_copy                       0x08000129   Thumb Code    26  __scatter_copy.o(!!handler_copy)
    __scatterload_zeroinit                   0x08000145   Thumb Code    28  __scatter_zi.o(!!handler_zi)
    _printf_d                                0x08000161   Thumb Code     0  _printf_d.o(.ARM.Collect$$_printf_percent$$00000009)
    _printf_percent                          0x08000161   Thumb Code     0  _printf_percent.o(.ARM.Collect$$_printf_percent$$00000000)
    _printf_percent_end                      0x08000167   Thumb Code     0  _printf_percent_end.o(.ARM.Collect$$_printf_percent$$00000017)
    __rt_lib_init                            0x0800016b   Thumb Code     0  libinit.o(.ARM.Collect$$libinit$$00000000)
    __rt_lib_init_alloca_1                   0x0800016d   Thumb Code     0  libinit2.o(.ARM.Collect$$libinit$$0000002E)
    __rt_lib_init_argv_1                     0x0800016d   Thumb Code     0  libinit2.o(.ARM.Collect$$libinit$$0000002C)
    __rt_lib_init_atexit_1                   0x0800016d   Thumb Code     0  libinit2.o(.ARM.Collect$$libinit$$0000001B)
    __rt_lib_init_clock_1                    0x0800016d   Thumb Code     0  libinit2.o(.ARM.Collect$$libinit$$00000021)
    __rt_lib_init_cpp_1                      0x0800016d   Thumb Code     0  libinit2.o(.ARM.Collect$$libinit$$00000032)
    __rt_lib_init_exceptions_1               0x0800016d   Thumb Code     0  libinit2.o(.ARM.Collect$$libinit$$00000030)
    __rt_lib_init_fp_1                       0x0800016d   Thumb Code     0  libinit2.o(.ARM.Collect$$libinit$$00000002)
    __rt_lib_init_fp_trap_1                  0x0800016d   Thumb Code     0  libinit2.o(.ARM.Collect$$libinit$$0000001F)
    __rt_lib_init_getenv_1                   0x0800016d   Thumb Code     0  libinit2.o(.ARM.Collect$$libinit$$00000023)
    __rt_lib_init_heap_1                     0x0800016d   Thumb Code     0  libinit2.o(.ARM.Collect$$libinit$$0000000A)
    __rt_lib_init_lc_collate_1               0x0800016d   Thumb Code     0  libinit2.o(.ARM.Collect$$libinit$$00000011)
    __rt_lib_init_lc_ctype_1                 0x0800016d   Thumb Code     0  libinit2.o(.ARM.Collect$$libinit$$00000013)
    __rt_lib_init_lc_monetary_1              0x0800016d   Thumb Code     0  libinit2.o(.ARM.Collect$$libinit$$00000015)
    __rt_lib_init_lc_numeric_1               0x0800016d   Thumb Code     0  libinit2.o(.ARM.Collect$$libinit$$00000017)
    __rt_lib_init_lc_time_1                  0x0800016d   Thumb Code     0  libinit2.o(.ARM.Collect$$libinit$$00000019)
    __rt_lib_init_preinit_1                  0x0800016d   Thumb Code     0  libinit2.o(.ARM.Collect$$libinit$$00000004)
    __rt_lib_init_rand_1                     0x0800016d   Thumb Code     0  libinit2.o(.ARM.Collect$$libinit$$0000000E)
    __rt_lib_init_return                     0x0800016d   Thumb Code     0  libinit2.o(.ARM.Collect$$libinit$$00000033)
    __rt_lib_init_signal_1                   0x0800016d   Thumb Code     0  libinit2.o(.ARM.Collect$$libinit$$0000001D)
    __rt_lib_init_stdio_1                    0x0800016d   Thumb Code     0  libinit2.o(.ARM.Collect$$libinit$$00000025)
    __rt_lib_init_user_alloc_1               0x0800016d   Thumb Code     0  libinit2.o(.ARM.Collect$$libinit$$0000000C)
    __rt_lib_shutdown                        0x0800016f   Thumb Code     0  libshutdown.o(.ARM.Collect$$libshutdown$$00000000)
    __rt_lib_shutdown_cpp_1                  0x08000171   Thumb Code     0  libshutdown2.o(.ARM.Collect$$libshutdown$$00000004)
    __rt_lib_shutdown_fini_1                 0x08000171   Thumb Code     0  libshutdown2.o(.ARM.Collect$$libshutdown$$00000002)
    __rt_lib_shutdown_fp_trap_1              0x08000171   Thumb Code     0  libshutdown2.o(.ARM.Collect$$libshutdown$$00000009)
    __rt_lib_shutdown_heap_1                 0x08000171   Thumb Code     0  libshutdown2.o(.ARM.Collect$$libshutdown$$00000011)
    __rt_lib_shutdown_return                 0x08000171   Thumb Code     0  libshutdown2.o(.ARM.Collect$$libshutdown$$00000012)
    __rt_lib_shutdown_signal_1               0x08000171   Thumb Code     0  libshutdown2.o(.ARM.Collect$$libshutdown$$0000000C)
    __rt_lib_shutdown_stdio_1                0x08000171   Thumb Code     0  libshutdown2.o(.ARM.Collect$$libshutdown$$00000006)
    __rt_lib_shutdown_user_alloc_1           0x08000171   Thumb Code     0  libshutdown2.o(.ARM.Collect$$libshutdown$$0000000E)
    __rt_entry                               0x08000173   Thumb Code     0  __rtentry.o(.ARM.Collect$$rtentry$$00000000)
    __rt_entry_presh_1                       0x08000173   Thumb Code     0  __rtentry2.o(.ARM.Collect$$rtentry$$00000002)
    __rt_entry_sh                            0x08000173   Thumb Code     0  __rtentry4.o(.ARM.Collect$$rtentry$$00000004)
    __rt_entry_li                            0x08000179   Thumb Code     0  __rtentry2.o(.ARM.Collect$$rtentry$$0000000A)
    __rt_entry_postsh_1                      0x08000179   Thumb Code     0  __rtentry2.o(.ARM.Collect$$rtentry$$00000009)
    __rt_entry_main                          0x0800017d   Thumb Code     0  __rtentry2.o(.ARM.Collect$$rtentry$$0000000D)
    __rt_entry_postli_1                      0x0800017d   Thumb Code     0  __rtentry2.o(.ARM.Collect$$rtentry$$0000000C)
    __rt_exit                                0x08000185   Thumb Code     0  rtexit.o(.ARM.Collect$$rtexit$$00000000)
    __rt_exit_ls                             0x08000187   Thumb Code     0  rtexit2.o(.ARM.Collect$$rtexit$$00000003)
    __rt_exit_prels_1                        0x08000187   Thumb Code     0  rtexit2.o(.ARM.Collect$$rtexit$$00000002)
    __rt_exit_exit                           0x0800018b   Thumb Code     0  rtexit2.o(.ARM.Collect$$rtexit$$00000004)
    Reset_Handler                            0x08000191   Thumb Code     8  startup_stm32f103xb.o(.text)
    ADC1_2_IRQHandler                        0x080001ab   Thumb Code     0  startup_stm32f103xb.o(.text)
    CAN1_RX1_IRQHandler                      0x080001ab   Thumb Code     0  startup_stm32f103xb.o(.text)
    CAN1_SCE_IRQHandler                      0x080001ab   Thumb Code     0  startup_stm32f103xb.o(.text)
    DMA1_Channel1_IRQHandler                 0x080001ab   Thumb Code     0  startup_stm32f103xb.o(.text)
    DMA1_Channel2_IRQHandler                 0x080001ab   Thumb Code     0  startup_stm32f103xb.o(.text)
    DMA1_Channel3_IRQHandler                 0x080001ab   Thumb Code     0  startup_stm32f103xb.o(.text)
    DMA1_Channel4_IRQHandler                 0x080001ab   Thumb Code     0  startup_stm32f103xb.o(.text)
    DMA1_Channel5_IRQHandler                 0x080001ab   Thumb Code     0  startup_stm32f103xb.o(.text)
    DMA1_Channel6_IRQHandler                 0x080001ab   Thumb Code     0  startup_stm32f103xb.o(.text)
    DMA1_Channel7_IRQHandler                 0x080001ab   Thumb Code     0  startup_stm32f103xb.o(.text)
    EXTI0_IRQHandler                         0x080001ab   Thumb Code     0  startup_stm32f103xb.o(.text)
    EXTI15_10_IRQHandler                     0x080001ab   Thumb Code     0  startup_stm32f103xb.o(.text)
    EXTI1_IRQHandler                         0x080001ab   Thumb Code     0  startup_stm32f103xb.o(.text)
    EXTI2_IRQHandler                         0x080001ab   Thumb Code     0  startup_stm32f103xb.o(.text)
    EXTI3_IRQHandler                         0x080001ab   Thumb Code     0  startup_stm32f103xb.o(.text)
    EXTI4_IRQHandler                         0x080001ab   Thumb Code     0  startup_stm32f103xb.o(.text)
    EXTI9_5_IRQHandler                       0x080001ab   Thumb Code     0  startup_stm32f103xb.o(.text)
    FLASH_IRQHandler                         0x080001ab   Thumb Code     0  startup_stm32f103xb.o(.text)
    I2C1_ER_IRQHandler                       0x080001ab   Thumb Code     0  startup_stm32f103xb.o(.text)
    I2C1_EV_IRQHandler                       0x080001ab   Thumb Code     0  startup_stm32f103xb.o(.text)
    I2C2_ER_IRQHandler                       0x080001ab   Thumb Code     0  startup_stm32f103xb.o(.text)
    I2C2_EV_IRQHandler                       0x080001ab   Thumb Code     0  startup_stm32f103xb.o(.text)
    PVD_IRQHandler                           0x080001ab   Thumb Code     0  startup_stm32f103xb.o(.text)
    RCC_IRQHandler                           0x080001ab   Thumb Code     0  startup_stm32f103xb.o(.text)
    RTC_Alarm_IRQHandler                     0x080001ab   Thumb Code     0  startup_stm32f103xb.o(.text)
    RTC_IRQHandler                           0x080001ab   Thumb Code     0  startup_stm32f103xb.o(.text)
    SPI1_IRQHandler                          0x080001ab   Thumb Code     0  startup_stm32f103xb.o(.text)
    SPI2_IRQHandler                          0x080001ab   Thumb Code     0  startup_stm32f103xb.o(.text)
    TAMPER_IRQHandler                        0x080001ab   Thumb Code     0  startup_stm32f103xb.o(.text)
    TIM1_BRK_IRQHandler                      0x080001ab   Thumb Code     0  startup_stm32f103xb.o(.text)
    TIM1_CC_IRQHandler                       0x080001ab   Thumb Code     0  startup_stm32f103xb.o(.text)
    TIM1_TRG_COM_IRQHandler                  0x080001ab   Thumb Code     0  startup_stm32f103xb.o(.text)
    TIM1_UP_IRQHandler                       0x080001ab   Thumb Code     0  startup_stm32f103xb.o(.text)
    TIM2_IRQHandler                          0x080001ab   Thumb Code     0  startup_stm32f103xb.o(.text)
    TIM3_IRQHandler                          0x080001ab   Thumb Code     0  startup_stm32f103xb.o(.text)
    TIM4_IRQHandler                          0x080001ab   Thumb Code     0  startup_stm32f103xb.o(.text)
    USART1_IRQHandler                        0x080001ab   Thumb Code     0  startup_stm32f103xb.o(.text)
    USART2_IRQHandler                        0x080001ab   Thumb Code     0  startup_stm32f103xb.o(.text)
    USART3_IRQHandler                        0x080001ab   Thumb Code     0  startup_stm32f103xb.o(.text)
    USBWakeUp_IRQHandler                     0x080001ab   Thumb Code     0  startup_stm32f103xb.o(.text)
    USB_HP_CAN1_TX_IRQHandler                0x080001ab   Thumb Code     0  startup_stm32f103xb.o(.text)
    USB_LP_CAN1_RX0_IRQHandler               0x080001ab   Thumb Code     0  startup_stm32f103xb.o(.text)
    WWDG_IRQHandler                          0x080001ab   Thumb Code     0  startup_stm32f103xb.o(.text)
    __user_initial_stackheap                 0x080001ad   Thumb Code     0  startup_stm32f103xb.o(.text)
    __2sprintf                               0x080001d1   Thumb Code    34  noretval__2sprintf.o(.text)
    __printf                                 0x080001f9   Thumb Code   104  __printf.o(.text)
    _printf_int_dec                          0x08000261   Thumb Code   104  _printf_dec.o(.text)
    __aeabi_memclr                           0x080002d9   Thumb Code     0  rt_memclr.o(.text)
    __rt_memclr                              0x080002d9   Thumb Code    68  rt_memclr.o(.text)
    _memset                                  0x080002dd   Thumb Code     0  rt_memclr.o(.text)
    __aeabi_memclr4                          0x0800031d   Thumb Code     0  rt_memclr_w.o(.text)
    __aeabi_memclr8                          0x0800031d   Thumb Code     0  rt_memclr_w.o(.text)
    __rt_memclr_w                            0x0800031d   Thumb Code    78  rt_memclr_w.o(.text)
    _memset_w                                0x08000321   Thumb Code     0  rt_memclr_w.o(.text)
    __use_two_region_memory                  0x0800036b   Thumb Code     2  heapauxi.o(.text)
    __rt_heap_escrow$2region                 0x0800036d   Thumb Code     2  heapauxi.o(.text)
    __rt_heap_expand$2region                 0x0800036f   Thumb Code     2  heapauxi.o(.text)
    _printf_int_common                       0x08000371   Thumb Code   178  _printf_intcommon.o(.text)
    _printf_char_common                      0x0800042f   Thumb Code    32  _printf_char_common.o(.text)
    _sputc                                   0x08000455   Thumb Code    10  _sputc.o(.text)
    __user_setup_stackheap                   0x0800045f   Thumb Code    74  sys_stackheap_outer.o(.text)
    exit                                     0x080004a9   Thumb Code    18  exit.o(.text)
    __user_libspace                          0x080004bd   Thumb Code     8  libspace.o(.text)
    __user_perproc_libspace                  0x080004bd   Thumb Code     0  libspace.o(.text)
    __user_perthread_libspace                0x080004bd   Thumb Code     0  libspace.o(.text)
    _sys_exit                                0x080004c5   Thumb Code     8  sys_exit.o(.text)
    __I$use$semihosting                      0x080004d1   Thumb Code     0  use_no_semi.o(.text)
    __use_no_semihosting_swi                 0x080004d1   Thumb Code     2  use_no_semi.o(.text)
    BusFault_Handler                         0x080004d3   Thumb Code     2  stm32f1xx_it.o(i.BusFault_Handler)
    __semihosting_library_function           0x080004d3   Thumb Code     0  indicate_semi.o(.text)
    DebugMon_Handler                         0x080004d5   Thumb Code     2  stm32f1xx_it.o(i.DebugMon_Handler)
    HAL_Delay                                0x080004d9   Thumb Code    32  stm32f1xx_hal.o(i.HAL_Delay)
    HAL_GPIO_Init                            0x080004fd   Thumb Code   446  stm32f1xx_hal_gpio.o(i.HAL_GPIO_Init)
    HAL_GPIO_WritePin                        0x080006dd   Thumb Code    10  stm32f1xx_hal_gpio.o(i.HAL_GPIO_WritePin)
    HAL_GetTick                              0x080006e9   Thumb Code     6  stm32f1xx_hal.o(i.HAL_GetTick)
    HAL_IncTick                              0x080006f5   Thumb Code    12  stm32f1xx_hal.o(i.HAL_IncTick)
    HAL_Init                                 0x08000705   Thumb Code    32  stm32f1xx_hal.o(i.HAL_Init)
    HAL_InitTick                             0x08000729   Thumb Code    54  stm32f1xx_hal.o(i.HAL_InitTick)
    HAL_MspInit                              0x08000769   Thumb Code    52  stm32f1xx_hal_msp.o(i.HAL_MspInit)
    HAL_NVIC_SetPriority                     0x080007a5   Thumb Code    60  stm32f1xx_hal_cortex.o(i.HAL_NVIC_SetPriority)
    HAL_NVIC_SetPriorityGrouping             0x080007e5   Thumb Code    26  stm32f1xx_hal_cortex.o(i.HAL_NVIC_SetPriorityGrouping)
    HAL_RCC_ClockConfig                      0x08000809   Thumb Code   280  stm32f1xx_hal_rcc.o(i.HAL_RCC_ClockConfig)
    HAL_RCC_GetSysClockFreq                  0x08000935   Thumb Code    58  stm32f1xx_hal_rcc.o(i.HAL_RCC_GetSysClockFreq)
    HAL_RCC_OscConfig                        0x08000981   Thumb Code   778  stm32f1xx_hal_rcc.o(i.HAL_RCC_OscConfig)
    HAL_SYSTICK_Config                       0x08000ca1   Thumb Code    40  stm32f1xx_hal_cortex.o(i.HAL_SYSTICK_Config)
    HardFault_Handler                        0x08000cc9   Thumb Code     2  stm32f1xx_it.o(i.HardFault_Handler)
    MX_GPIO_Init                             0x08000ccd   Thumb Code    54  gpio.o(i.MX_GPIO_Init)
    MX_GPIO_Init_                            0x08000d09   Thumb Code   102  main.o(i.MX_GPIO_Init_)
    MemManage_Handler                        0x08000d79   Thumb Code     2  stm32f1xx_it.o(i.MemManage_Handler)
    NMI_Handler                              0x08000d7b   Thumb Code     2  stm32f1xx_it.o(i.NMI_Handler)
    OLED_Clear                               0x08000d7d   Thumb Code    38  oled.o(i.OLED_Clear)
    OLED_I2C_Init                            0x08000da5   Thumb Code    28  oled.o(i.OLED_I2C_Init)
    OLED_I2C_SendByte                        0x08000dc5   Thumb Code    78  oled.o(i.OLED_I2C_SendByte)
    OLED_I2C_Start                           0x08000e19   Thumb Code    48  oled.o(i.OLED_I2C_Start)
    OLED_I2C_Stop                            0x08000e4d   Thumb Code    38  oled.o(i.OLED_I2C_Stop)
    OLED_Init                                0x08000e79   Thumb Code   172  oled.o(i.OLED_Init)
    OLED_SetCursor                           0x08000f25   Thumb Code    34  oled.o(i.OLED_SetCursor)
    OLED_WriteCommand                        0x08000f47   Thumb Code    34  oled.o(i.OLED_WriteCommand)
    OLED_WriteData                           0x08000f69   Thumb Code    34  oled.o(i.OLED_WriteData)
    PendSV_Handler                           0x08000f8b   Thumb Code     2  stm32f1xx_it.o(i.PendSV_Handler)
    SVC_Handler                              0x08000f8d   Thumb Code     2  stm32f1xx_it.o(i.SVC_Handler)
    SysTick_Handler                          0x08000f8f   Thumb Code     4  stm32f1xx_it.o(i.SysTick_Handler)
    SystemClock_Config                       0x08000f93   Thumb Code    94  main.o(i.SystemClock_Config)
    SystemInit                               0x08000ff1   Thumb Code     2  system_stm32f1xx.o(i.SystemInit)
    UsageFault_Handler                       0x08000ff3   Thumb Code     2  stm32f1xx_it.o(i.UsageFault_Handler)
    main                                     0x080010f1   Thumb Code    70  main.o(i.main)
    testDrawProcess                          0x08001145   Thumb Code   158  main.o(i.testDrawProcess)
    u8g2_ClearBuffer                         0x08001209   Thumb Code    18  u8g2_buffer.o(i.u8g2_ClearBuffer)
    u8g2_DrawBox                             0x0800121b   Thumb Code    68  u8g2_box.o(i.u8g2_DrawBox)
    u8g2_DrawCircle                          0x0800125f   Thumb Code    64  u8g2_circle.o(i.u8g2_DrawCircle)
    u8g2_DrawDisc                            0x0800129f   Thumb Code    64  u8g2_circle.o(i.u8g2_DrawDisc)
    u8g2_DrawGlyph                           0x080012df   Thumb Code   112  u8g2_font.o(i.u8g2_DrawGlyph)
    u8g2_DrawHLine                           0x0800134f   Thumb Code    12  u8g2_hvline.o(i.u8g2_DrawHLine)
    u8g2_DrawHVLine                          0x0800135d   Thumb Code   172  u8g2_hvline.o(i.u8g2_DrawHVLine)
    u8g2_DrawPixel                           0x08001409   Thumb Code    46  u8g2_hvline.o(i.u8g2_DrawPixel)
    u8g2_DrawRBox                            0x08001437   Thumb Code   230  u8g2_box.o(i.u8g2_DrawRBox)
    u8g2_DrawRFrame                          0x0800151d   Thumb Code   258  u8g2_box.o(i.u8g2_DrawRFrame)
    u8g2_DrawStr                             0x08001621   Thumb Code    12  u8g2_font.o(i.u8g2_DrawStr)
    u8g2_DrawVLine                           0x08001631   Thumb Code    12  u8g2_hvline.o(i.u8g2_DrawVLine)
    u8g2_IsIntersection                      0x0800163d   Thumb Code    48  u8g2_intersection.o(i.u8g2_IsIntersection)
    u8g2_SendBuffer                          0x0800166d   Thumb Code    18  u8g2_buffer.o(i.u8g2_SendBuffer)
    u8g2_SetFont                             0x0800167f   Thumb Code    32  u8g2_font.o(i.u8g2_SetFont)
    u8g2_SetFontPosBaseline                  0x080016a1   Thumb Code     6  u8g2_font.o(i.u8g2_SetFontPosBaseline)
    u8g2_SetMaxClipWindow                    0x080016ad   Thumb Code    28  u8g2_setup.o(i.u8g2_SetMaxClipWindow)
    u8g2_SetupBuffer                         0x080016c9   Thumb Code    70  u8g2_setup.o(i.u8g2_SetupBuffer)
    u8g2_Setup_ssd1306_i2c_128x64_noname_f   0x08001711   Thumb Code    42  u8g2_d_setup.o(i.u8g2_Setup_ssd1306_i2c_128x64_noname_f)
    u8g2_UpdateRefHeight                     0x08001749   Thumb Code    82  u8g2_font.o(i.u8g2_UpdateRefHeight)
    u8g2_add_vector_x                        0x0800179b   Thumb Code    28  u8g2_font.o(i.u8g2_add_vector_x)
    u8g2_add_vector_y                        0x080017b7   Thumb Code    28  u8g2_font.o(i.u8g2_add_vector_y)
    u8g2_draw_hv_line_2dir                   0x08001ad7   Thumb Code    18  u8g2_hvline.o(i.u8g2_draw_hv_line_2dir)
    u8g2_draw_l90_r0                         0x08001ae9   Thumb Code    12  u8g2_setup.o(i.u8g2_draw_l90_r0)
    u8g2_font_calc_vref_font                 0x08001b6b   Thumb Code     4  u8g2_font.o(i.u8g2_font_calc_vref_font)
    u8g2_font_decode_get_signed_bits         0x08001b6f   Thumb Code    20  u8g2_font.o(i.u8g2_font_decode_get_signed_bits)
    u8g2_font_decode_get_unsigned_bits       0x08001b83   Thumb Code    52  u8g2_font.o(i.u8g2_font_decode_get_unsigned_bits)
    u8g2_font_decode_glyph                   0x08001bb9   Thumb Code   276  u8g2_font.o(i.u8g2_font_decode_glyph)
    u8g2_font_decode_len                     0x08001ccd   Thumb Code   140  u8g2_font.o(i.u8g2_font_decode_len)
    u8g2_font_get_glyph_data                 0x08001d59   Thumb Code   114  u8g2_font.o(i.u8g2_font_get_glyph_data)
    u8g2_gpio_and_delay_stm32                0x08001e15   Thumb Code    90  main.o(i.u8g2_gpio_and_delay_stm32)
    u8g2_is_intersection_decision_tree       0x08001e75   Thumb Code    24  u8g2_intersection.o(i.u8g2_is_intersection_decision_tree)
    u8g2_ll_hvline_vertical_top_lsb          0x08001e8d   Thumb Code   144  u8g2_ll_hvline.o(i.u8g2_ll_hvline_vertical_top_lsb)
    u8g2_m_16_8_f                            0x08001f1d   Thumb Code     8  u8g2_d_memory.o(i.u8g2_m_16_8_f)
    u8g2_read_font_info                      0x08001f29   Thumb Code   106  u8g2_font.o(i.u8g2_read_font_info)
    u8g2_update_dimension_r0                 0x08002027   Thumb Code     4  u8g2_setup.o(i.u8g2_update_dimension_r0)
    u8g2_update_page_win_r0                  0x0800202b   Thumb Code    34  u8g2_setup.o(i.u8g2_update_page_win_r0)
    u8x8_DrawTile                            0x0800204d   Thumb Code    30  u8x8_display.o(i.u8x8_DrawTile)
    u8x8_InitDisplay                         0x0800206b   Thumb Code    16  u8x8_display.o(i.u8x8_InitDisplay)
    u8x8_RefreshDisplay                      0x0800207b   Thumb Code    16  u8x8_display.o(i.u8x8_RefreshDisplay)
    u8x8_SetPowerSave                        0x0800208b   Thumb Code    16  u8x8_display.o(i.u8x8_SetPowerSave)
    u8x8_Setup                               0x0800209b   Thumb Code    34  u8x8_setup.o(i.u8x8_Setup)
    u8x8_SetupDefaults                       0x080020bd   Thumb Code    32  u8x8_setup.o(i.u8x8_SetupDefaults)
    u8x8_SetupMemory                         0x080020e1   Thumb Code    16  u8x8_display.o(i.u8x8_SetupMemory)
    u8x8_ascii_next                          0x080020f1   Thumb Code    14  u8x8_8x8.o(i.u8x8_ascii_next)
    u8x8_byte_EndTransfer                    0x080020ff   Thumb Code    16  u8x8_byte.o(i.u8x8_byte_EndTransfer)
    u8x8_byte_SendByte                       0x0800210f   Thumb Code    14  u8x8_byte.o(i.u8x8_byte_SendByte)
    u8x8_byte_StartTransfer                  0x0800211d   Thumb Code    16  u8x8_byte.o(i.u8x8_byte_StartTransfer)
    u8x8_byte_sw_i2c                         0x0800212d   Thumb Code   188  u8x8_byte.o(i.u8x8_byte_sw_i2c)
    u8x8_cad_EndTransfer                     0x080021e9   Thumb Code    16  u8x8_cad.o(i.u8x8_cad_EndTransfer)
    u8x8_cad_SendArg                         0x080021f9   Thumb Code    16  u8x8_cad.o(i.u8x8_cad_SendArg)
    u8x8_cad_SendCmd                         0x08002209   Thumb Code    16  u8x8_cad.o(i.u8x8_cad_SendCmd)
    u8x8_cad_SendData                        0x08002219   Thumb Code    16  u8x8_cad.o(i.u8x8_cad_SendData)
    u8x8_cad_SendSequence                    0x08002229   Thumb Code   104  u8x8_cad.o(i.u8x8_cad_SendSequence)
    u8x8_cad_StartTransfer                   0x08002291   Thumb Code    16  u8x8_cad.o(i.u8x8_cad_StartTransfer)
    u8x8_cad_ssd13xx_fast_i2c                0x080022a1   Thumb Code   182  u8x8_cad.o(i.u8x8_cad_ssd13xx_fast_i2c)
    u8x8_d_helper_display_init               0x0800235d   Thumb Code    96  u8x8_display.o(i.u8x8_d_helper_display_init)
    u8x8_d_helper_display_setup_memory       0x080023bd   Thumb Code    10  u8x8_display.o(i.u8x8_d_helper_display_setup_memory)
    u8x8_d_ssd1306_128x64_noname             0x080023c9   Thumb Code    52  u8x8_d_ssd1306_128x64_noname.o(i.u8x8_d_ssd1306_128x64_noname)
    u8x8_dummy_cb                            0x080024cd   Thumb Code     4  u8x8_setup.o(i.u8x8_dummy_cb)
    u8x8_gpio_call                           0x080024d1   Thumb Code    12  u8x8_gpio.o(i.u8x8_gpio_call)
    u8x8_utf8_init                           0x08002509   Thumb Code     8  u8x8_8x8.o(i.u8x8_utf8_init)
    __aeabi_ddiv                             0x08002511   Thumb Code     0  ddiv.o(x$fpl$ddiv)
    _ddiv                                    0x08002511   Thumb Code   552  ddiv.o(x$fpl$ddiv)
    __aeabi_d2iz                             0x080027c1   Thumb Code     0  dfix.o(x$fpl$dfix)
    _dfix                                    0x080027c1   Thumb Code    94  dfix.o(x$fpl$dfix)
    __aeabi_i2d                              0x0800281f   Thumb Code     0  dflt_clz.o(x$fpl$dflt)
    _dflt                                    0x0800281f   Thumb Code    46  dflt_clz.o(x$fpl$dflt)
    __aeabi_dmul                             0x0800284d   Thumb Code     0  dmul.o(x$fpl$dmul)
    _dmul                                    0x0800284d   Thumb Code   332  dmul.o(x$fpl$dmul)
    __fpl_dnaninf                            0x080029a1   Thumb Code   156  dnaninf.o(x$fpl$dnaninf)
    __fpl_dretinf                            0x08002a3d   Thumb Code    12  dretinf.o(x$fpl$dretinf)
    __I$use$fp                               0x08002a48   Number         0  usenofp.o(x$fpl$usenofp)
    AHBPrescTable                            0x08002a5a   Data          16  system_stm32f1xx.o(.constdata)
    u8g2_font_ncenB08_tf                     0x08002a6a   Data        2465  u8g2_fonts.o(.constdata)
    u8g2_font_ncenB12_tf                     0x0800340b   Data        3863  u8g2_fonts.o(.constdata)
    u8g2_cb_r0                               0x08004324   Data          12  u8g2_setup.o(.constdata)
    Region$$Table$$Base                      0x08004488   Number         0  anon$$obj.o(Region$$Table)
    Region$$Table$$Limit                     0x080044a8   Number         0  anon$$obj.o(Region$$Table)
    uwTickFreq                               0x20000000   Data           1  stm32f1xx_hal.o(.data)
    uwTickPrio                               0x20000004   Data           4  stm32f1xx_hal.o(.data)
    uwTick                                   0x20000008   Data           4  stm32f1xx_hal.o(.data)
    SystemCoreClock                          0x2000000c   Data           4  system_stm32f1xx.o(.data)
    __libspace_start                         0x20000418   Data          96  libspace.o(.bss)
    __temporary_stack_top$libspace           0x20000478   Data           0  libspace.o(.bss)



==============================================================================

Memory Map of the image

  Image Entry point : 0x080000ed

  Load Region LR_IROM1 (Base: 0x08000000, Size: 0x000044c0, Max: 0x00010000, ABSOLUTE)

    Execution Region ER_IROM1 (Exec base: 0x08000000, Load base: 0x08000000, Size: 0x000044a8, Max: 0x00010000, ABSOLUTE)

    Exec Addr    Load Addr    Size         Type   Attr      Idx    E Section Name        Object

    0x08000000   0x08000000   0x000000ec   Data   RO            3    RESET               startup_stm32f103xb.o
    0x080000ec   0x080000ec   0x00000008   Code   RO         6150  * !!!main             c_w.l(__main.o)
    0x080000f4   0x080000f4   0x00000034   Code   RO         6339    !!!scatter          c_w.l(__scatter.o)
    0x08000128   0x08000128   0x0000001a   Code   RO         6341    !!handler_copy      c_w.l(__scatter_copy.o)
    0x08000142   0x08000142   0x00000002   PAD
    0x08000144   0x08000144   0x0000001c   Code   RO         6343    !!handler_zi        c_w.l(__scatter_zi.o)
    0x08000160   0x08000160   0x00000000   Code   RO         6143    .ARM.Collect$$_printf_percent$$00000000  c_w.l(_printf_percent.o)
    0x08000160   0x08000160   0x00000006   Code   RO         6142    .ARM.Collect$$_printf_percent$$00000009  c_w.l(_printf_d.o)
    0x08000166   0x08000166   0x00000004   Code   RO         6175    .ARM.Collect$$_printf_percent$$00000017  c_w.l(_printf_percent_end.o)
    0x0800016a   0x0800016a   0x00000002   Code   RO         6207    .ARM.Collect$$libinit$$00000000  c_w.l(libinit.o)
    0x0800016c   0x0800016c   0x00000000   Code   RO         6214    .ARM.Collect$$libinit$$00000002  c_w.l(libinit2.o)
    0x0800016c   0x0800016c   0x00000000   Code   RO         6216    .ARM.Collect$$libinit$$00000004  c_w.l(libinit2.o)
    0x0800016c   0x0800016c   0x00000000   Code   RO         6219    .ARM.Collect$$libinit$$0000000A  c_w.l(libinit2.o)
    0x0800016c   0x0800016c   0x00000000   Code   RO         6221    .ARM.Collect$$libinit$$0000000C  c_w.l(libinit2.o)
    0x0800016c   0x0800016c   0x00000000   Code   RO         6223    .ARM.Collect$$libinit$$0000000E  c_w.l(libinit2.o)
    0x0800016c   0x0800016c   0x00000000   Code   RO         6226    .ARM.Collect$$libinit$$00000011  c_w.l(libinit2.o)
    0x0800016c   0x0800016c   0x00000000   Code   RO         6228    .ARM.Collect$$libinit$$00000013  c_w.l(libinit2.o)
    0x0800016c   0x0800016c   0x00000000   Code   RO         6230    .ARM.Collect$$libinit$$00000015  c_w.l(libinit2.o)
    0x0800016c   0x0800016c   0x00000000   Code   RO         6232    .ARM.Collect$$libinit$$00000017  c_w.l(libinit2.o)
    0x0800016c   0x0800016c   0x00000000   Code   RO         6234    .ARM.Collect$$libinit$$00000019  c_w.l(libinit2.o)
    0x0800016c   0x0800016c   0x00000000   Code   RO         6236    .ARM.Collect$$libinit$$0000001B  c_w.l(libinit2.o)
    0x0800016c   0x0800016c   0x00000000   Code   RO         6238    .ARM.Collect$$libinit$$0000001D  c_w.l(libinit2.o)
    0x0800016c   0x0800016c   0x00000000   Code   RO         6240    .ARM.Collect$$libinit$$0000001F  c_w.l(libinit2.o)
    0x0800016c   0x0800016c   0x00000000   Code   RO         6242    .ARM.Collect$$libinit$$00000021  c_w.l(libinit2.o)
    0x0800016c   0x0800016c   0x00000000   Code   RO         6244    .ARM.Collect$$libinit$$00000023  c_w.l(libinit2.o)
    0x0800016c   0x0800016c   0x00000000   Code   RO         6246    .ARM.Collect$$libinit$$00000025  c_w.l(libinit2.o)
    0x0800016c   0x0800016c   0x00000000   Code   RO         6250    .ARM.Collect$$libinit$$0000002C  c_w.l(libinit2.o)
    0x0800016c   0x0800016c   0x00000000   Code   RO         6252    .ARM.Collect$$libinit$$0000002E  c_w.l(libinit2.o)
    0x0800016c   0x0800016c   0x00000000   Code   RO         6254    .ARM.Collect$$libinit$$00000030  c_w.l(libinit2.o)
    0x0800016c   0x0800016c   0x00000000   Code   RO         6256    .ARM.Collect$$libinit$$00000032  c_w.l(libinit2.o)
    0x0800016c   0x0800016c   0x00000002   Code   RO         6257    .ARM.Collect$$libinit$$00000033  c_w.l(libinit2.o)
    0x0800016e   0x0800016e   0x00000002   Code   RO         6277    .ARM.Collect$$libshutdown$$00000000  c_w.l(libshutdown.o)
    0x08000170   0x08000170   0x00000000   Code   RO         6290    .ARM.Collect$$libshutdown$$00000002  c_w.l(libshutdown2.o)
    0x08000170   0x08000170   0x00000000   Code   RO         6292    .ARM.Collect$$libshutdown$$00000004  c_w.l(libshutdown2.o)
    0x08000170   0x08000170   0x00000000   Code   RO         6294    .ARM.Collect$$libshutdown$$00000006  c_w.l(libshutdown2.o)
    0x08000170   0x08000170   0x00000000   Code   RO         6297    .ARM.Collect$$libshutdown$$00000009  c_w.l(libshutdown2.o)
    0x08000170   0x08000170   0x00000000   Code   RO         6300    .ARM.Collect$$libshutdown$$0000000C  c_w.l(libshutdown2.o)
    0x08000170   0x08000170   0x00000000   Code   RO         6302    .ARM.Collect$$libshutdown$$0000000E  c_w.l(libshutdown2.o)
    0x08000170   0x08000170   0x00000000   Code   RO         6305    .ARM.Collect$$libshutdown$$00000011  c_w.l(libshutdown2.o)
    0x08000170   0x08000170   0x00000002   Code   RO         6306    .ARM.Collect$$libshutdown$$00000012  c_w.l(libshutdown2.o)
    0x08000172   0x08000172   0x00000000   Code   RO         6168    .ARM.Collect$$rtentry$$00000000  c_w.l(__rtentry.o)
    0x08000172   0x08000172   0x00000000   Code   RO         6182    .ARM.Collect$$rtentry$$00000002  c_w.l(__rtentry2.o)
    0x08000172   0x08000172   0x00000006   Code   RO         6194    .ARM.Collect$$rtentry$$00000004  c_w.l(__rtentry4.o)
    0x08000178   0x08000178   0x00000000   Code   RO         6184    .ARM.Collect$$rtentry$$00000009  c_w.l(__rtentry2.o)
    0x08000178   0x08000178   0x00000004   Code   RO         6185    .ARM.Collect$$rtentry$$0000000A  c_w.l(__rtentry2.o)
    0x0800017c   0x0800017c   0x00000000   Code   RO         6187    .ARM.Collect$$rtentry$$0000000C  c_w.l(__rtentry2.o)
    0x0800017c   0x0800017c   0x00000008   Code   RO         6188    .ARM.Collect$$rtentry$$0000000D  c_w.l(__rtentry2.o)
    0x08000184   0x08000184   0x00000002   Code   RO         6211    .ARM.Collect$$rtexit$$00000000  c_w.l(rtexit.o)
    0x08000186   0x08000186   0x00000000   Code   RO         6259    .ARM.Collect$$rtexit$$00000002  c_w.l(rtexit2.o)
    0x08000186   0x08000186   0x00000004   Code   RO         6260    .ARM.Collect$$rtexit$$00000003  c_w.l(rtexit2.o)
    0x0800018a   0x0800018a   0x00000006   Code   RO         6261    .ARM.Collect$$rtexit$$00000004  c_w.l(rtexit2.o)
    0x08000190   0x08000190   0x00000040   Code   RO            4    .text               startup_stm32f103xb.o
    0x080001d0   0x080001d0   0x00000028   Code   RO         6116    .text               c_w.l(noretval__2sprintf.o)
    0x080001f8   0x080001f8   0x00000068   Code   RO         6118    .text               c_w.l(__printf.o)
    0x08000260   0x08000260   0x00000078   Code   RO         6120    .text               c_w.l(_printf_dec.o)
    0x080002d8   0x080002d8   0x00000044   Code   RO         6144    .text               c_w.l(rt_memclr.o)
    0x0800031c   0x0800031c   0x0000004e   Code   RO         6146    .text               c_w.l(rt_memclr_w.o)
    0x0800036a   0x0800036a   0x00000006   Code   RO         6148    .text               c_w.l(heapauxi.o)
    0x08000370   0x08000370   0x000000b2   Code   RO         6169    .text               c_w.l(_printf_intcommon.o)
    0x08000422   0x08000422   0x00000002   PAD
    0x08000424   0x08000424   0x00000030   Code   RO         6171    .text               c_w.l(_printf_char_common.o)
    0x08000454   0x08000454   0x0000000a   Code   RO         6173    .text               c_w.l(_sputc.o)
    0x0800045e   0x0800045e   0x0000004a   Code   RO         6198    .text               c_w.l(sys_stackheap_outer.o)
    0x080004a8   0x080004a8   0x00000012   Code   RO         6200    .text               c_w.l(exit.o)
    0x080004ba   0x080004ba   0x00000002   PAD
    0x080004bc   0x080004bc   0x00000008   Code   RO         6208    .text               c_w.l(libspace.o)
    0x080004c4   0x080004c4   0x0000000c   Code   RO         6269    .text               c_w.l(sys_exit.o)
    0x080004d0   0x080004d0   0x00000002   Code   RO         6280    .text               c_w.l(use_no_semi.o)
    0x080004d2   0x080004d2   0x00000000   Code   RO         6282    .text               c_w.l(indicate_semi.o)
    0x080004d2   0x080004d2   0x00000002   Code   RO          196    i.BusFault_Handler  stm32f1xx_it.o
    0x080004d4   0x080004d4   0x00000002   Code   RO          197    i.DebugMon_Handler  stm32f1xx_it.o
    0x080004d6   0x080004d6   0x00000002   PAD
    0x080004d8   0x080004d8   0x00000024   Code   RO          374    i.HAL_Delay         stm32f1xx_hal.o
    0x080004fc   0x080004fc   0x000001e0   Code   RO          684    i.HAL_GPIO_Init     stm32f1xx_hal_gpio.o
    0x080006dc   0x080006dc   0x0000000a   Code   RO          688    i.HAL_GPIO_WritePin  stm32f1xx_hal_gpio.o
    0x080006e6   0x080006e6   0x00000002   PAD
    0x080006e8   0x080006e8   0x0000000c   Code   RO          378    i.HAL_GetTick       stm32f1xx_hal.o
    0x080006f4   0x080006f4   0x00000010   Code   RO          384    i.HAL_IncTick       stm32f1xx_hal.o
    0x08000704   0x08000704   0x00000024   Code   RO          385    i.HAL_Init          stm32f1xx_hal.o
    0x08000728   0x08000728   0x00000040   Code   RO          386    i.HAL_InitTick      stm32f1xx_hal.o
    0x08000768   0x08000768   0x0000003c   Code   RO          271    i.HAL_MspInit       stm32f1xx_hal_msp.o
    0x080007a4   0x080007a4   0x00000040   Code   RO          850    i.HAL_NVIC_SetPriority  stm32f1xx_hal_cortex.o
    0x080007e4   0x080007e4   0x00000024   Code   RO          851    i.HAL_NVIC_SetPriorityGrouping  stm32f1xx_hal_cortex.o
    0x08000808   0x08000808   0x0000012c   Code   RO          542    i.HAL_RCC_ClockConfig  stm32f1xx_hal_rcc.o
    0x08000934   0x08000934   0x0000004c   Code   RO          551    i.HAL_RCC_GetSysClockFreq  stm32f1xx_hal_rcc.o
    0x08000980   0x08000980   0x00000320   Code   RO          554    i.HAL_RCC_OscConfig  stm32f1xx_hal_rcc.o
    0x08000ca0   0x08000ca0   0x00000028   Code   RO          855    i.HAL_SYSTICK_Config  stm32f1xx_hal_cortex.o
    0x08000cc8   0x08000cc8   0x00000002   Code   RO          198    i.HardFault_Handler  stm32f1xx_it.o
    0x08000cca   0x08000cca   0x00000002   PAD
    0x08000ccc   0x08000ccc   0x0000003c   Code   RO          172    i.MX_GPIO_Init      gpio.o
    0x08000d08   0x08000d08   0x00000070   Code   RO           14    i.MX_GPIO_Init_     main.o
    0x08000d78   0x08000d78   0x00000002   Code   RO          199    i.MemManage_Handler  stm32f1xx_it.o
    0x08000d7a   0x08000d7a   0x00000002   Code   RO          200    i.NMI_Handler       stm32f1xx_it.o
    0x08000d7c   0x08000d7c   0x00000026   Code   RO         5999    i.OLED_Clear        oled.o
    0x08000da2   0x08000da2   0x00000002   PAD
    0x08000da4   0x08000da4   0x00000020   Code   RO         6000    i.OLED_I2C_Init     oled.o
    0x08000dc4   0x08000dc4   0x00000054   Code   RO         6001    i.OLED_I2C_SendByte  oled.o
    0x08000e18   0x08000e18   0x00000034   Code   RO         6002    i.OLED_I2C_Start    oled.o
    0x08000e4c   0x08000e4c   0x0000002c   Code   RO         6003    i.OLED_I2C_Stop     oled.o
    0x08000e78   0x08000e78   0x000000ac   Code   RO         6004    i.OLED_Init         oled.o
    0x08000f24   0x08000f24   0x00000022   Code   RO         6006    i.OLED_SetCursor    oled.o
    0x08000f46   0x08000f46   0x00000022   Code   RO         6013    i.OLED_WriteCommand  oled.o
    0x08000f68   0x08000f68   0x00000022   Code   RO         6014    i.OLED_WriteData    oled.o
    0x08000f8a   0x08000f8a   0x00000002   Code   RO          201    i.PendSV_Handler    stm32f1xx_it.o
    0x08000f8c   0x08000f8c   0x00000002   Code   RO          202    i.SVC_Handler       stm32f1xx_it.o
    0x08000f8e   0x08000f8e   0x00000004   Code   RO          203    i.SysTick_Handler   stm32f1xx_it.o
    0x08000f92   0x08000f92   0x0000005e   Code   RO           15    i.SystemClock_Config  main.o
    0x08000ff0   0x08000ff0   0x00000002   Code   RO         1345    i.SystemInit        system_stm32f1xx.o
    0x08000ff2   0x08000ff2   0x00000002   Code   RO          204    i.UsageFault_Handler  stm32f1xx_it.o
    0x08000ff4   0x08000ff4   0x00000020   Code   RO          857    i.__NVIC_SetPriority  stm32f1xx_hal_cortex.o
    0x08001014   0x08001014   0x00000008   Code   RO         5198    i.i2c_clear_scl     u8x8_byte.o
    0x0800101c   0x0800101c   0x00000008   Code   RO         5199    i.i2c_clear_sda     u8x8_byte.o
    0x08001024   0x08001024   0x0000000a   Code   RO         5200    i.i2c_delay         u8x8_byte.o
    0x0800102e   0x0800102e   0x00000016   Code   RO         5201    i.i2c_read_scl_and_delay  u8x8_byte.o
    0x08001044   0x08001044   0x00000008   Code   RO         5202    i.i2c_read_sda      u8x8_byte.o
    0x0800104c   0x0800104c   0x00000026   Code   RO         5203    i.i2c_write_bit     u8x8_byte.o
    0x08001072   0x08001072   0x0000007c   Code   RO         5204    i.i2c_write_byte    u8x8_byte.o
    0x080010ee   0x080010ee   0x00000002   PAD
    0x080010f0   0x080010f0   0x00000054   Code   RO           16    i.main              main.o
    0x08001144   0x08001144   0x000000c4   Code   RO           18    i.testDrawProcess   main.o
    0x08001208   0x08001208   0x00000012   Code   RO         2081    i.u8g2_ClearBuffer  u8g2_buffer.o
    0x0800121a   0x0800121a   0x00000044   Code   RO         2051    i.u8g2_DrawBox      u8g2_box.o
    0x0800125e   0x0800125e   0x00000040   Code   RO         2175    i.u8g2_DrawCircle   u8g2_circle.o
    0x0800129e   0x0800129e   0x00000040   Code   RO         2176    i.u8g2_DrawDisc     u8g2_circle.o
    0x080012de   0x080012de   0x00000070   Code   RO         2284    i.u8g2_DrawGlyph    u8g2_font.o
    0x0800134e   0x0800134e   0x0000000c   Code   RO         4538    i.u8g2_DrawHLine    u8g2_hvline.o
    0x0800135a   0x0800135a   0x00000002   PAD
    0x0800135c   0x0800135c   0x000000ac   Code   RO         4539    i.u8g2_DrawHVLine   u8g2_hvline.o
    0x08001408   0x08001408   0x0000002e   Code   RO         4540    i.u8g2_DrawPixel    u8g2_hvline.o
    0x08001436   0x08001436   0x000000e6   Code   RO         2053    i.u8g2_DrawRBox     u8g2_box.o
    0x0800151c   0x0800151c   0x00000102   Code   RO         2054    i.u8g2_DrawRFrame   u8g2_box.o
    0x0800161e   0x0800161e   0x00000002   PAD
    0x08001620   0x08001620   0x00000010   Code   RO         2286    i.u8g2_DrawStr      u8g2_font.o
    0x08001630   0x08001630   0x0000000c   Code   RO         4541    i.u8g2_DrawVLine    u8g2_hvline.o
    0x0800163c   0x0800163c   0x00000030   Code   RO         4600    i.u8g2_IsIntersection  u8g2_intersection.o
    0x0800166c   0x0800166c   0x00000012   Code   RO         2084    i.u8g2_SendBuffer   u8g2_buffer.o
    0x0800167e   0x0800167e   0x00000020   Code   RO         2302    i.u8g2_SetFont      u8g2_font.o
    0x0800169e   0x0800169e   0x00000002   PAD
    0x080016a0   0x080016a0   0x0000000c   Code   RO         2305    i.u8g2_SetFontPosBaseline  u8g2_font.o
    0x080016ac   0x080016ac   0x0000001c   Code   RO         4788    i.u8g2_SetMaxClipWindow  u8g2_setup.o
    0x080016c8   0x080016c8   0x00000046   Code   RO         4789    i.u8g2_SetupBuffer  u8g2_setup.o
    0x0800170e   0x0800170e   0x00000002   PAD
    0x08001710   0x08001710   0x00000038   Code   RO         2270    i.u8g2_Setup_ssd1306_i2c_128x64_noname_f  u8g2_d_setup.o
    0x08001748   0x08001748   0x00000052   Code   RO         2312    i.u8g2_UpdateRefHeight  u8g2_font.o
    0x0800179a   0x0800179a   0x0000001c   Code   RO         2313    i.u8g2_add_vector_x  u8g2_font.o
    0x080017b6   0x080017b6   0x0000001c   Code   RO         2314    i.u8g2_add_vector_y  u8g2_font.o
    0x080017d2   0x080017d2   0x0000006e   Code   RO         4791    i.u8g2_apply_clip_window  u8g2_setup.o
    0x08001840   0x08001840   0x0000003c   Code   RO         4543    i.u8g2_clip_intersection2  u8g2_hvline.o
    0x0800187c   0x0800187c   0x0000006a   Code   RO         2179    i.u8g2_draw_circle  u8g2_circle.o
    0x080018e6   0x080018e6   0x000000ba   Code   RO         2180    i.u8g2_draw_circle_section  u8g2_circle.o
    0x080019a0   0x080019a0   0x0000006a   Code   RO         2181    i.u8g2_draw_disc    u8g2_circle.o
    0x08001a0a   0x08001a0a   0x000000cc   Code   RO         2182    i.u8g2_draw_disc_section  u8g2_circle.o
    0x08001ad6   0x08001ad6   0x00000012   Code   RO         4544    i.u8g2_draw_hv_line_2dir  u8g2_hvline.o
    0x08001ae8   0x08001ae8   0x0000000c   Code   RO         4793    i.u8g2_draw_l90_r0  u8g2_setup.o
    0x08001af4   0x08001af4   0x00000076   Code   RO         2315    i.u8g2_draw_string  u8g2_font.o
    0x08001b6a   0x08001b6a   0x00000004   Code   RO         2321    i.u8g2_font_calc_vref_font  u8g2_font.o
    0x08001b6e   0x08001b6e   0x00000014   Code   RO         2323    i.u8g2_font_decode_get_signed_bits  u8g2_font.o
    0x08001b82   0x08001b82   0x00000034   Code   RO         2324    i.u8g2_font_decode_get_unsigned_bits  u8g2_font.o
    0x08001bb6   0x08001bb6   0x00000002   PAD
    0x08001bb8   0x08001bb8   0x00000114   Code   RO         2325    i.u8g2_font_decode_glyph  u8g2_font.o
    0x08001ccc   0x08001ccc   0x0000008c   Code   RO         2326    i.u8g2_font_decode_len  u8g2_font.o
    0x08001d58   0x08001d58   0x00000072   Code   RO         2327    i.u8g2_font_get_glyph_data  u8g2_font.o
    0x08001dca   0x08001dca   0x00000014   Code   RO         2328    i.u8g2_font_get_word  u8g2_font.o
    0x08001dde   0x08001dde   0x00000034   Code   RO         2329    i.u8g2_font_setup_decode  u8g2_font.o
    0x08001e12   0x08001e12   0x00000002   PAD
    0x08001e14   0x08001e14   0x00000060   Code   RO           19    i.u8g2_gpio_and_delay_stm32  main.o
    0x08001e74   0x08001e74   0x00000018   Code   RO         4601    i.u8g2_is_intersection_decision_tree  u8g2_intersection.o
    0x08001e8c   0x08001e8c   0x00000090   Code   RO         4649    i.u8g2_ll_hvline_vertical_top_lsb  u8g2_ll_hvline.o
    0x08001f1c   0x08001f1c   0x0000000c   Code   RO         2257    i.u8g2_m_16_8_f     u8g2_d_memory.o
    0x08001f28   0x08001f28   0x0000006a   Code   RO         2330    i.u8g2_read_font_info  u8g2_font.o
    0x08001f92   0x08001f92   0x0000004e   Code   RO         2092    i.u8g2_send_buffer  u8g2_buffer.o
    0x08001fe0   0x08001fe0   0x00000046   Code   RO         4798    i.u8g2_update_dimension_common  u8g2_setup.o
    0x08002026   0x08002026   0x00000004   Code   RO         4799    i.u8g2_update_dimension_r0  u8g2_setup.o
    0x0800202a   0x0800202a   0x00000022   Code   RO         4803    i.u8g2_update_page_win_r0  u8g2_setup.o
    0x0800204c   0x0800204c   0x0000001e   Code   RO         5577    i.u8x8_DrawTile     u8x8_display.o
    0x0800206a   0x0800206a   0x00000010   Code   RO         5579    i.u8x8_InitDisplay  u8x8_display.o
    0x0800207a   0x0800207a   0x00000010   Code   RO         5581    i.u8x8_RefreshDisplay  u8x8_display.o
    0x0800208a   0x0800208a   0x00000010   Code   RO         5584    i.u8x8_SetPowerSave  u8x8_display.o
    0x0800209a   0x0800209a   0x00000022   Code   RO         5883    i.u8x8_Setup        u8x8_setup.o
    0x080020bc   0x080020bc   0x00000024   Code   RO         5884    i.u8x8_SetupDefaults  u8x8_setup.o
    0x080020e0   0x080020e0   0x00000010   Code   RO         5585    i.u8x8_SetupMemory  u8x8_display.o
    0x080020f0   0x080020f0   0x0000000e   Code   RO         5083    i.u8x8_ascii_next   u8x8_8x8.o
    0x080020fe   0x080020fe   0x00000010   Code   RO         5209    i.u8x8_byte_EndTransfer  u8x8_byte.o
    0x0800210e   0x0800210e   0x0000000e   Code   RO         5210    i.u8x8_byte_SendByte  u8x8_byte.o
    0x0800211c   0x0800211c   0x00000010   Code   RO         5213    i.u8x8_byte_StartTransfer  u8x8_byte.o
    0x0800212c   0x0800212c   0x000000bc   Code   RO         5218    i.u8x8_byte_sw_i2c  u8x8_byte.o
    0x080021e8   0x080021e8   0x00000010   Code   RO         5329    i.u8x8_cad_EndTransfer  u8x8_cad.o
    0x080021f8   0x080021f8   0x00000010   Code   RO         5330    i.u8x8_cad_SendArg  u8x8_cad.o
    0x08002208   0x08002208   0x00000010   Code   RO         5331    i.u8x8_cad_SendCmd  u8x8_cad.o
    0x08002218   0x08002218   0x00000010   Code   RO         5332    i.u8x8_cad_SendData  u8x8_cad.o
    0x08002228   0x08002228   0x00000068   Code   RO         5334    i.u8x8_cad_SendSequence  u8x8_cad.o
    0x08002290   0x08002290   0x00000010   Code   RO         5335    i.u8x8_cad_StartTransfer  u8x8_cad.o
    0x080022a0   0x080022a0   0x000000bc   Code   RO         5338    i.u8x8_cad_ssd13xx_fast_i2c  u8x8_cad.o
    0x0800235c   0x0800235c   0x00000060   Code   RO         5586    i.u8x8_d_helper_display_init  u8x8_display.o
    0x080023bc   0x080023bc   0x0000000a   Code   RO         5587    i.u8x8_d_helper_display_setup_memory  u8x8_display.o
    0x080023c6   0x080023c6   0x00000002   PAD
    0x080023c8   0x080023c8   0x0000003c   Code   RO         5511    i.u8x8_d_ssd1306_128x64_noname  u8x8_d_ssd1306_128x64_noname.o
    0x08002404   0x08002404   0x000000c8   Code   RO         5513    i.u8x8_d_ssd1306_sh1106_generic  u8x8_d_ssd1306_128x64_noname.o
    0x080024cc   0x080024cc   0x00000004   Code   RO         5886    i.u8x8_dummy_cb     u8x8_setup.o
    0x080024d0   0x080024d0   0x0000000c   Code   RO         5805    i.u8x8_gpio_call    u8x8_gpio.o
    0x080024dc   0x080024dc   0x0000002c   Code   RO         5346    i.u8x8_i2c_data_transfer  u8x8_cad.o
    0x08002508   0x08002508   0x00000008   Code   RO         5091    i.u8x8_utf8_init    u8x8_8x8.o
    0x08002510   0x08002510   0x000002b0   Code   RO         6153    x$fpl$ddiv          fz_ws.l(ddiv.o)
    0x080027c0   0x080027c0   0x0000005e   Code   RO         6156    x$fpl$dfix          fz_ws.l(dfix.o)
    0x0800281e   0x0800281e   0x0000002e   Code   RO         6161    x$fpl$dflt          fz_ws.l(dflt_clz.o)
    0x0800284c   0x0800284c   0x00000154   Code   RO         6166    x$fpl$dmul          fz_ws.l(dmul.o)
    0x080029a0   0x080029a0   0x0000009c   Code   RO         6176    x$fpl$dnaninf       fz_ws.l(dnaninf.o)
    0x08002a3c   0x08002a3c   0x0000000c   Code   RO         6178    x$fpl$dretinf       fz_ws.l(dretinf.o)
    0x08002a48   0x08002a48   0x00000000   Code   RO         6180    x$fpl$usenofp       fz_ws.l(usenofp.o)
    0x08002a48   0x08002a48   0x00000012   Data   RO          555    .constdata          stm32f1xx_hal_rcc.o
    0x08002a5a   0x08002a5a   0x00000010   Data   RO         1346    .constdata          system_stm32f1xx.o
    0x08002a6a   0x08002a6a   0x000009a1   Data   RO         3875    .constdata          u8g2_fonts.o
    0x0800340b   0x0800340b   0x00000f17   Data   RO         3883    .constdata          u8g2_fonts.o
    0x08004322   0x08004322   0x00000002   PAD
    0x08004324   0x08004324   0x0000000c   Data   RO         4807    .constdata          u8g2_setup.o
    0x08004330   0x08004330   0x00000158   Data   RO         5515    .constdata          u8x8_d_ssd1306_128x64_noname.o
    0x08004488   0x08004488   0x00000020   Data   RO         6337    Region$$Table       anon$$obj.o


    Execution Region RW_IRAM1 (Exec base: 0x20000000, Load base: 0x080044a8, Size: 0x00000a78, Max: 0x00005000, ABSOLUTE)

    Exec Addr    Load Addr    Size         Type   Attr      Idx    E Section Name        Object

    0x20000000   0x080044a8   0x0000000c   Data   RW          392    .data               stm32f1xx_hal.o
    0x2000000c   0x080044b4   0x00000004   Data   RW         1348    .data               system_stm32f1xx.o
    0x20000010   0x080044b8   0x00000006   Data   RW         5348    .data               u8x8_cad.o
    0x20000016   0x080044be   0x00000002   PAD
    0x20000018        -       0x00000400   Zero   RW         2258    .bss                u8g2_d_memory.o
    0x20000418        -       0x00000060   Zero   RW         6209    .bss                c_w.l(libspace.o)
    0x20000478        -       0x00000200   Zero   RW            2    HEAP                startup_stm32f103xb.o
    0x20000678        -       0x00000400   Zero   RW            1    STACK               startup_stm32f103xb.o


==============================================================================

Image component sizes


      Code (inc. data)   RO Data    RW Data    ZI Data      Debug   Object Name

        60          6          0          0          0        775   gpio.o
       582         68          0          0          0     543115   main.o
         0          0          0          0          0     159149   mui_u8g2.o
       524         20          0          0          0       4839   oled.o
        64         26        236          0       1536        792   startup_stm32f103xb.o
       164         28          0         12          0       5741   stm32f1xx_hal.o
       172         14          0          0          0      28178   stm32f1xx_hal_cortex.o
       490         34          0          0          0       2832   stm32f1xx_hal_gpio.o
        60          8          0          0          0        830   stm32f1xx_hal_msp.o
      1176         60         18          0          0       3906   stm32f1xx_hal_rcc.o
        20          0          0          0          0       3686   stm32f1xx_it.o
         2          0         16          4          0       1059   system_stm32f1xx.o
       556          0          0          0          0       2349   u8g2_box.o
       114          0          0          0          0       2267   u8g2_buffer.o
       730          0          0          0          0       5714   u8g2_circle.o
        12          4          0          0       1024        736   u8g2_d_memory.o
        56         14          0          0          0        945   u8g2_d_setup.o
      1212         10          0          0          0      12800   u8g2_font.o
         0          0       6328          0          0     145254   u8g2_fonts.o
       320          0          0          0          0       3902   u8g2_hvline.o
        72          0          0          0          0       1735   u8g2_intersection.o
       144          0          0          0          0       1274   u8g2_ll_hvline.o
       328          0         12          0          0     146250   u8g2_setup.o
        22          0          0          0          0       1669   u8x8_8x8.o
       452          0          0          0          0       6098   u8x8_byte.o
       416         12          0          6          0       8144   u8x8_cad.o
       260         12        344          0          0       2895   u8x8_d_ssd1306_128x64_noname.o
       200          0          0          0          0       3906   u8x8_display.o
        12          0          0          0          0        533   u8x8_gpio.o
        74          4          0          0          0       1582   u8x8_setup.o

    ----------------------------------------------------------------------
      8318        320       6988         24       2560    1102955   Object Totals
         0          0         32          0          0          0   (incl. Generated)
        24          0          2          2          0          0   (incl. Padding)

    ----------------------------------------------------------------------

      Code (inc. data)   RO Data    RW Data    ZI Data      Debug   Library Member Name

         8          0          0          0          0         68   __main.o
       104          0          0          0          0         84   __printf.o
         0          0          0          0          0          0   __rtentry.o
        12          0          0          0          0          0   __rtentry2.o
         6          0          0          0          0          0   __rtentry4.o
        52          8          0          0          0          0   __scatter.o
        26          0          0          0          0          0   __scatter_copy.o
        28          0          0          0          0          0   __scatter_zi.o
        48          6          0          0          0         96   _printf_char_common.o
         6          0          0          0          0          0   _printf_d.o
       120         16          0          0          0         92   _printf_dec.o
       178          0          0          0          0         88   _printf_intcommon.o
         0          0          0          0          0          0   _printf_percent.o
         4          0          0          0          0          0   _printf_percent_end.o
        10          0          0          0          0         68   _sputc.o
        18          0          0          0          0         80   exit.o
         6          0          0          0          0        152   heapauxi.o
         0          0          0          0          0          0   indicate_semi.o
         2          0          0          0          0          0   libinit.o
         2          0          0          0          0          0   libinit2.o
         2          0          0          0          0          0   libshutdown.o
         2          0          0          0          0          0   libshutdown2.o
         8          4          0          0         96         68   libspace.o
        40          6          0          0          0         84   noretval__2sprintf.o
        68          0          0          0          0         68   rt_memclr.o
        78          0          0          0          0         80   rt_memclr_w.o
         2          0          0          0          0          0   rtexit.o
        10          0          0          0          0          0   rtexit2.o
        12          4          0          0          0         68   sys_exit.o
        74          0          0          0          0         80   sys_stackheap_outer.o
         2          0          0          0          0         68   use_no_semi.o
       688        140          0          0          0        208   ddiv.o
        94          4          0          0          0         92   dfix.o
        46          0          0          0          0         68   dflt_clz.o
       340         12          0          0          0        104   dmul.o
       156          4          0          0          0         92   dnaninf.o
        12          0          0          0          0         68   dretinf.o
         0          0          0          0          0          0   usenofp.o

    ----------------------------------------------------------------------
      2270        204          0          0         96       1876   Library Totals
         6          0          0          0          0          0   (incl. Padding)

    ----------------------------------------------------------------------

      Code (inc. data)   RO Data    RW Data    ZI Data      Debug   Library Name

       928         44          0          0         96       1244   c_w.l
      1336        160          0          0          0        632   fz_ws.l

    ----------------------------------------------------------------------
      2270        204          0          0         96       1876   Library Totals

    ----------------------------------------------------------------------

==============================================================================


      Code (inc. data)   RO Data    RW Data    ZI Data      Debug   

     10588        524       6988         24       2656    1097963   Grand Totals
     10588        524       6988         24       2656    1097963   ELF Image Totals
     10588        524       6988         24          0          0   ROM Totals

==============================================================================

    Total RO  Size (Code + RO Data)                17576 (  17.16kB)
    Total RW  Size (RW Data + ZI Data)              2680 (   2.62kB)
    Total ROM Size (Code + RO Data + RW Data)      17600 (  17.19kB)

==============================================================================

